Archive member included to satisfy reference by file (symbol)

/opt/gcc-arm-none-eabi-8-2018-q4-major/bin/../lib/gcc/arm-none-eabi/8.2.1/../../../../arm-none-eabi/lib/thumb/v7e-m+fp/hard/libc_nano.a(lib_a-ctype_.o)
                              build/main.o (_ctype_)
/opt/gcc-arm-none-eabi-8-2018-q4-major/bin/../lib/gcc/arm-none-eabi/8.2.1/../../../../arm-none-eabi/lib/thumb/v7e-m+fp/hard/libc_nano.a(lib_a-exit.o)
                              /opt/gcc-arm-none-eabi-8-2018-q4-major/bin/../lib/gcc/arm-none-eabi/8.2.1/../../../../arm-none-eabi/lib/thumb/v7e-m+fp/hard/crt0.o (exit)
/opt/gcc-arm-none-eabi-8-2018-q4-major/bin/../lib/gcc/arm-none-eabi/8.2.1/../../../../arm-none-eabi/lib/thumb/v7e-m+fp/hard/libc_nano.a(lib_a-impure.o)
                              /opt/gcc-arm-none-eabi-8-2018-q4-major/bin/../lib/gcc/arm-none-eabi/8.2.1/../../../../arm-none-eabi/lib/thumb/v7e-m+fp/hard/libc_nano.a(lib_a-exit.o) (_global_impure_ptr)
/opt/gcc-arm-none-eabi-8-2018-q4-major/bin/../lib/gcc/arm-none-eabi/8.2.1/../../../../arm-none-eabi/lib/thumb/v7e-m+fp/hard/libc_nano.a(lib_a-init.o)
                              /opt/gcc-arm-none-eabi-8-2018-q4-major/bin/../lib/gcc/arm-none-eabi/8.2.1/../../../../arm-none-eabi/lib/thumb/v7e-m+fp/hard/crt0.o (__libc_init_array)
/opt/gcc-arm-none-eabi-8-2018-q4-major/bin/../lib/gcc/arm-none-eabi/8.2.1/../../../../arm-none-eabi/lib/thumb/v7e-m+fp/hard/libc_nano.a(lib_a-malloc.o)
                              build/usbd_cdc.o (malloc)
/opt/gcc-arm-none-eabi-8-2018-q4-major/bin/../lib/gcc/arm-none-eabi/8.2.1/../../../../arm-none-eabi/lib/thumb/v7e-m+fp/hard/libc_nano.a(lib_a-memset.o)
                              /opt/gcc-arm-none-eabi-8-2018-q4-major/bin/../lib/gcc/arm-none-eabi/8.2.1/../../../../arm-none-eabi/lib/thumb/v7e-m+fp/hard/crt0.o (memset)
/opt/gcc-arm-none-eabi-8-2018-q4-major/bin/../lib/gcc/arm-none-eabi/8.2.1/../../../../arm-none-eabi/lib/thumb/v7e-m+fp/hard/libc_nano.a(lib_a-nano-freer.o)
                              /opt/gcc-arm-none-eabi-8-2018-q4-major/bin/../lib/gcc/arm-none-eabi/8.2.1/../../../../arm-none-eabi/lib/thumb/v7e-m+fp/hard/libc_nano.a(lib_a-malloc.o) (_free_r)
/opt/gcc-arm-none-eabi-8-2018-q4-major/bin/../lib/gcc/arm-none-eabi/8.2.1/../../../../arm-none-eabi/lib/thumb/v7e-m+fp/hard/libc_nano.a(lib_a-nano-mallocr.o)
                              /opt/gcc-arm-none-eabi-8-2018-q4-major/bin/../lib/gcc/arm-none-eabi/8.2.1/../../../../arm-none-eabi/lib/thumb/v7e-m+fp/hard/libc_nano.a(lib_a-malloc.o) (_malloc_r)
/opt/gcc-arm-none-eabi-8-2018-q4-major/bin/../lib/gcc/arm-none-eabi/8.2.1/../../../../arm-none-eabi/lib/thumb/v7e-m+fp/hard/libc_nano.a(lib_a-sbrkr.o)
                              /opt/gcc-arm-none-eabi-8-2018-q4-major/bin/../lib/gcc/arm-none-eabi/8.2.1/../../../../arm-none-eabi/lib/thumb/v7e-m+fp/hard/libc_nano.a(lib_a-nano-mallocr.o) (_sbrk_r)
/opt/gcc-arm-none-eabi-8-2018-q4-major/bin/../lib/gcc/arm-none-eabi/8.2.1/../../../../arm-none-eabi/lib/thumb/v7e-m+fp/hard/libc_nano.a(lib_a-sprintf.o)
                              build/main.o (sprintf)
/opt/gcc-arm-none-eabi-8-2018-q4-major/bin/../lib/gcc/arm-none-eabi/8.2.1/../../../../arm-none-eabi/lib/thumb/v7e-m+fp/hard/libc_nano.a(lib_a-strlen.o)
                              build/main.o (strlen)
/opt/gcc-arm-none-eabi-8-2018-q4-major/bin/../lib/gcc/arm-none-eabi/8.2.1/../../../../arm-none-eabi/lib/thumb/v7e-m+fp/hard/libc_nano.a(lib_a-strncpy.o)
                              build/main.o (strncpy)
/opt/gcc-arm-none-eabi-8-2018-q4-major/bin/../lib/gcc/arm-none-eabi/8.2.1/../../../../arm-none-eabi/lib/thumb/v7e-m+fp/hard/libc_nano.a(lib_a-mlock.o)
                              /opt/gcc-arm-none-eabi-8-2018-q4-major/bin/../lib/gcc/arm-none-eabi/8.2.1/../../../../arm-none-eabi/lib/thumb/v7e-m+fp/hard/libc_nano.a(lib_a-nano-freer.o) (__malloc_lock)
/opt/gcc-arm-none-eabi-8-2018-q4-major/bin/../lib/gcc/arm-none-eabi/8.2.1/../../../../arm-none-eabi/lib/thumb/v7e-m+fp/hard/libc_nano.a(lib_a-nano-svfprintf.o)
                              /opt/gcc-arm-none-eabi-8-2018-q4-major/bin/../lib/gcc/arm-none-eabi/8.2.1/../../../../arm-none-eabi/lib/thumb/v7e-m+fp/hard/libc_nano.a(lib_a-sprintf.o) (_svfprintf_r)
/opt/gcc-arm-none-eabi-8-2018-q4-major/bin/../lib/gcc/arm-none-eabi/8.2.1/../../../../arm-none-eabi/lib/thumb/v7e-m+fp/hard/libc_nano.a(lib_a-nano-vfprintf_i.o)
                              /opt/gcc-arm-none-eabi-8-2018-q4-major/bin/../lib/gcc/arm-none-eabi/8.2.1/../../../../arm-none-eabi/lib/thumb/v7e-m+fp/hard/libc_nano.a(lib_a-nano-svfprintf.o) (_printf_i)
/opt/gcc-arm-none-eabi-8-2018-q4-major/bin/../lib/gcc/arm-none-eabi/8.2.1/../../../../arm-none-eabi/lib/thumb/v7e-m+fp/hard/libc_nano.a(lib_a-reent.o)
                              /opt/gcc-arm-none-eabi-8-2018-q4-major/bin/../lib/gcc/arm-none-eabi/8.2.1/../../../../arm-none-eabi/lib/thumb/v7e-m+fp/hard/libc_nano.a(lib_a-sbrkr.o) (errno)
[...]
Memory Configuration

Name             Origin             Length             Attributes
RAM              0x0000000020000000 0x0000000000020000 xrw
CCMRAM           0x0000000010000000 0x0000000000010000 rw
FLASH            0x0000000008000000 0x0000000000100000 xr
*default*        0x0000000000000000 0xffffffffffffffff

Linker script and memory map

LOAD /opt/gcc-arm-none-eabi-8-2018-q4-major/bin/../lib/gcc/arm-none-eabi/8.2.1/thumb/v7e-m+fp/hard/crti.o
LOAD /opt/gcc-arm-none-eabi-8-2018-q4-major/bin/../lib/gcc/arm-none-eabi/8.2.1/thumb/v7e-m+fp/hard/crtbegin.o
LOAD /opt/gcc-arm-none-eabi-8-2018-q4-major/bin/../lib/gcc/arm-none-eabi/8.2.1/../../../../arm-none-eabi/lib/thumb/v7e-m+fp/hard/crt0.o
LOAD build/main.o
LOAD build/sys_config.o
LOAD build/usb_device.o
LOAD build/usbd_conf.o
LOAD build/usbd_desc.o
LOAD build/usbd_cdc_if.o
LOAD build/stm32f4xx_it.o
LOAD build/stm32f4xx_hal_msp.o
LOAD build/stm32f4xx_hal_pcd.o
LOAD build/stm32f4xx_hal_pcd_ex.o
LOAD build/stm32f4xx_ll_usb.o
LOAD build/stm32f4xx_hal_adc.o
LOAD build/stm32f4xx_hal_adc_ex.o
LOAD build/stm32f4xx_hal_tim.o
LOAD build/stm32f4xx_hal_tim_ex.o
LOAD build/stm32f4xx_hal_rcc.o
LOAD build/stm32f4xx_hal_rcc_ex.o
LOAD build/stm32f4xx_hal_flash.o
LOAD build/stm32f4xx_hal_flash_ex.o
LOAD build/stm32f4xx_hal_flash_ramfunc.o
LOAD build/stm32f4xx_hal_gpio.o
LOAD build/stm32f4xx_hal_dma_ex.o
LOAD build/stm32f4xx_hal_dma.o
LOAD build/stm32f4xx_hal_pwr.o
LOAD build/stm32f4xx_hal_pwr_ex.o
LOAD build/stm32f4xx_hal_cortex.o
LOAD build/stm32f4xx_hal.o
LOAD build/stm32f4xx_hal_exti.o
LOAD build/system_stm32f4xx.o
LOAD build/usbd_core.o
LOAD build/usbd_ctlreq.o
LOAD build/usbd_ioreq.o
LOAD build/usbd_cdc.o
LOAD build/startup_stm32f407xx.o
LOAD /opt/gcc-arm-none-eabi-8-2018-q4-major/bin/../lib/gcc/arm-none-eabi/8.2.1/../../../../arm-none-eabi/lib/thumb/v7e-m+fp/hard/libc_nano.a
LOAD /opt/gcc-arm-none-eabi-8-2018-q4-major/bin/../lib/gcc/arm-none-eabi/8.2.1/../../../../arm-none-eabi/lib/thumb/v7e-m+fp/hard/libm.a
LOAD /opt/gcc-arm-none-eabi-8-2018-q4-major/bin/../lib/gcc/arm-none-eabi/8.2.1/../../../../arm-none-eabi/lib/thumb/v7e-m+fp/hard/libnosys.a
START GROUP
LOAD /opt/gcc-arm-none-eabi-8-2018-q4-major/bin/../lib/gcc/arm-none-eabi/8.2.1/thumb/v7e-m+fp/hard/libgcc.a
LOAD /opt/gcc-arm-none-eabi-8-2018-q4-major/bin/../lib/gcc/arm-none-eabi/8.2.1/../../../../arm-none-eabi/lib/thumb/v7e-m+fp/hard/libc_nano.a
END GROUP
START GROUP
LOAD /opt/gcc-arm-none-eabi-8-2018-q4-major/bin/../lib/gcc/arm-none-eabi/8.2.1/thumb/v7e-m+fp/hard/libgcc.a
LOAD /opt/gcc-arm-none-eabi-8-2018-q4-major/bin/../lib/gcc/arm-none-eabi/8.2.1/../../../../arm-none-eabi/lib/thumb/v7e-m+fp/hard/libc_nano.a
END GROUP
LOAD /opt/gcc-arm-none-eabi-8-2018-q4-major/bin/../lib/gcc/arm-none-eabi/8.2.1/thumb/v7e-m+fp/hard/crtend.o
LOAD /opt/gcc-arm-none-eabi-8-2018-q4-major/bin/../lib/gcc/arm-none-eabi/8.2.1/thumb/v7e-m+fp/hard/crtn.o
                0x0000000020020000                _estack = 0x20020000
                0x0000000000000200                _Min_Heap_Size = 0x200
                0x0000000000000400                _Min_Stack_Size = 0x400

.isr_vector     0x0000000008000000      0x188
                0x0000000008000000                . = ALIGN (0x4)
 *(.isr_vector)
 .isr_vector    0x0000000008000000      0x188 build/startup_stm32f407xx.o
                0x0000000008000000                g_pfnVectors
                0x0000000008000188                . = ALIGN (0x4)

.text           0x0000000008000190     0x53b8
                0x0000000008000190                . = ALIGN (0x4)
 *(.text)
 .text          0x0000000008000190       0x40 /opt/gcc-arm-none-eabi-8-2018-q4-major/bin/../lib/gcc/arm-none-eabi/8.2.1/thumb/v7e-m+fp/hard/crtbegin.o
 .text          0x00000000080001d0       0x10 /opt/gcc-arm-none-eabi-8-2018-q4-major/bin/../lib/gcc/arm-none-eabi/8.2.1/../../../../arm-none-eabi/lib/thumb/v7e-m+fp/hard/libc_nano.a(lib_a-strlen.o)
                0x00000000080001d0                strlen
 .text          0x00000000080001e0       0xa0 /opt/gcc-arm-none-eabi-8-2018-q4-major/bin/../lib/gcc/arm-none-eabi/8.2.1/../../../../arm-none-eabi/lib/thumb/v7e-m+fp/hard/libc_nano.a(lib_a-memchr.o)
                0x00000000080001e0                memchr
 .text          0x0000000008000280       0x30 /opt/gcc-arm-none-eabi-8-2018-q4-major/bin/../lib/gcc/arm-none-eabi/8.2.1/thumb/v7e-m+fp/hard/libgcc.a(_aeabi_uldivmod.o)
                0x0000000008000280                __aeabi_uldivmod
 .text          0x00000000080002b0      0x2d0 /opt/gcc-arm-none-eabi-8-2018-q4-major/bin/../lib/gcc/arm-none-eabi/8.2.1/thumb/v7e-m+fp/hard/libgcc.a(_udivmoddi4.o)
                0x00000000080002b0                __udivmoddi4
 .text          0x0000000008000580        0x4 /opt/gcc-arm-none-eabi-8-2018-q4-major/bin/../lib/gcc/arm-none-eabi/8.2.1/thumb/v7e-m+fp/hard/libgcc.a(_dvmd_tls.o)
                0x0000000008000580                __aeabi_ldiv0
                0x0000000008000580                __aeabi_idiv0
 *(.text*)
 .text.parseInt
                0x0000000008000584       0x5c build/main.o
                0x0000000008000584                parseInt
 .text.setPPM   0x00000000080005e0       0x2c build/main.o
                0x00000000080005e0                setPPM
 .text.main     0x000000000800060c       0x38 build/main.o
                0x000000000800060c                main
 .text.CDC_ReceiveCallBack
                0x0000000008000644       0x5c build/main.o
                0x0000000008000644                CDC_ReceiveCallBack
 .text.Error_Handler
                0x00000000080006a0        0x2 build/main.o
                0x00000000080006a0                Error_Handler
 *fill*         0x00000000080006a2        0x2 
 .text.MX_GPIO_Init
                0x00000000080006a4       0x94 build/sys_config.o
 .text.MX_DMA_Init
                0x0000000008000738       0x34 build/sys_config.o
 .text.MX_ADC1_Init
                0x000000000800076c       0xa0 build/sys_config.o
 .text.MX_TIM1_Init
                0x000000000800080c       0xe8 build/sys_config.o
 .text.SystemClock_Config
                0x00000000080008f4       0xac build/sys_config.o
                0x00000000080008f4                SystemClock_Config
 .text.system_peripheral_init
                0x00000000080009a0       0x2c build/sys_config.o
                0x00000000080009a0                system_peripheral_init
 .text.MX_USB_DEVICE_Init
                0x00000000080009cc       0x54 build/usb_device.o
                0x00000000080009cc                MX_USB_DEVICE_Init
 .text.HAL_PCD_MspInit
                0x0000000008000a20       0x84 build/usbd_conf.o
                0x0000000008000a20                HAL_PCD_MspInit
 .text.HAL_PCD_SetupStageCallback
                0x0000000008000aa4       0x10 build/usbd_conf.o
                0x0000000008000aa4                HAL_PCD_SetupStageCallback
 .text.HAL_PCD_DataOutStageCallback
                0x0000000008000ab4       0x18 build/usbd_conf.o
                0x0000000008000ab4                HAL_PCD_DataOutStageCallback
 .text.HAL_PCD_DataInStageCallback
                0x0000000008000acc       0x16 build/usbd_conf.o
                0x0000000008000acc                HAL_PCD_DataInStageCallback
 .text.HAL_PCD_SOFCallback
                0x0000000008000ae2        0xc build/usbd_conf.o
                0x0000000008000ae2                HAL_PCD_SOFCallback
 .text.HAL_PCD_ResetCallback
                0x0000000008000aee       0x2c build/usbd_conf.o
                0x0000000008000aee                HAL_PCD_ResetCallback
 *fill*         0x0000000008000b1a        0x2 
 .text.HAL_PCD_SuspendCallback
                0x0000000008000b1c       0x30 build/usbd_conf.o
                0x0000000008000b1c                HAL_PCD_SuspendCallback
 .text.HAL_PCD_ResumeCallback
                0x0000000008000b4c        0xc build/usbd_conf.o
                0x0000000008000b4c                HAL_PCD_ResumeCallback
 .text.HAL_PCD_ISOOUTIncompleteCallback
                0x0000000008000b58        0xc build/usbd_conf.o
                0x0000000008000b58                HAL_PCD_ISOOUTIncompleteCallback
 .text.HAL_PCD_ISOINIncompleteCallback
                0x0000000008000b64        0xc build/usbd_conf.o
                0x0000000008000b64                HAL_PCD_ISOINIncompleteCallback
 .text.HAL_PCD_ConnectCallback
                0x0000000008000b70        0xc build/usbd_conf.o
                0x0000000008000b70                HAL_PCD_ConnectCallback
 .text.HAL_PCD_DisconnectCallback
                0x0000000008000b7c        0xc build/usbd_conf.o
                0x0000000008000b7c                HAL_PCD_DisconnectCallback
 .text.USBD_LL_Init
                0x0000000008000b88       0x68 build/usbd_conf.o
                0x0000000008000b88                USBD_LL_Init
 .text.USBD_LL_IsStallEP
                0x0000000008000bf0       0x2e build/usbd_conf.o
                0x0000000008000bf0                USBD_LL_IsStallEP
 .text.USBD_LL_GetRxDataSize
                0x0000000008000c1e        0xc build/usbd_conf.o
                0x0000000008000c1e                USBD_LL_GetRxDataSize
 .text.USBD_Get_USB_Status
                0x0000000008000c2a       0x18 build/usbd_conf.o
                0x0000000008000c2a                USBD_Get_USB_Status
 .text.USBD_LL_Start
                0x0000000008000c42       0x10 build/usbd_conf.o
                0x0000000008000c42                USBD_LL_Start
 .text.USBD_LL_OpenEP
                0x0000000008000c52       0x16 build/usbd_conf.o
                0x0000000008000c52                USBD_LL_OpenEP
 .text.USBD_LL_CloseEP
                0x0000000008000c68       0x10 build/usbd_conf.o
                0x0000000008000c68                USBD_LL_CloseEP
 .text.USBD_LL_StallEP
                0x0000000008000c78       0x10 build/usbd_conf.o
                0x0000000008000c78                USBD_LL_StallEP
 .text.USBD_LL_ClearStallEP
                0x0000000008000c88       0x10 build/usbd_conf.o
                0x0000000008000c88                USBD_LL_ClearStallEP
 .text.USBD_LL_SetUSBAddress
                0x0000000008000c98       0x10 build/usbd_conf.o
                0x0000000008000c98                USBD_LL_SetUSBAddress
 .text.USBD_LL_Transmit
                0x0000000008000ca8       0x10 build/usbd_conf.o
                0x0000000008000ca8                USBD_LL_Transmit
 .text.USBD_LL_PrepareReceive
                0x0000000008000cb8       0x10 build/usbd_conf.o
                0x0000000008000cb8                USBD_LL_PrepareReceive
 .text.USBD_FS_DeviceDescriptor
                0x0000000008000cc8        0xc build/usbd_desc.o
                0x0000000008000cc8                USBD_FS_DeviceDescriptor
 .text.USBD_FS_LangIDStrDescriptor
                0x0000000008000cd4        0xc build/usbd_desc.o
                0x0000000008000cd4                USBD_FS_LangIDStrDescriptor
 .text.IntToUnicode
                0x0000000008000ce0       0x36 build/usbd_desc.o
 *fill*         0x0000000008000d16        0x2 
 .text.Get_SerialNum
                0x0000000008000d18       0x34 build/usbd_desc.o
 .text.USBD_FS_SerialStrDescriptor
                0x0000000008000d4c       0x14 build/usbd_desc.o
                0x0000000008000d4c                USBD_FS_SerialStrDescriptor
 .text.USBD_FS_ProductStrDescriptor
                0x0000000008000d60       0x24 build/usbd_desc.o
                0x0000000008000d60                USBD_FS_ProductStrDescriptor
 .text.USBD_FS_ManufacturerStrDescriptor
                0x0000000008000d84       0x1c build/usbd_desc.o
                0x0000000008000d84                USBD_FS_ManufacturerStrDescriptor
 .text.USBD_FS_ConfigStrDescriptor
                0x0000000008000da0       0x24 build/usbd_desc.o
                0x0000000008000da0                USBD_FS_ConfigStrDescriptor
 .text.USBD_FS_InterfaceStrDescriptor
                0x0000000008000dc4       0x24 build/usbd_desc.o
                0x0000000008000dc4                USBD_FS_InterfaceStrDescriptor
 .text.CDC_DeInit_FS
                0x0000000008000de8        0x4 build/usbd_cdc_if.o
 .text.CDC_Control_FS
                0x0000000008000dec        0x4 build/usbd_cdc_if.o
 .text.CDC_Init_FS
                0x0000000008000df0       0x28 build/usbd_cdc_if.o
 .text.CDC_Transmit_FS
                0x0000000008000e18       0x2c build/usbd_cdc_if.o
                0x0000000008000e18                CDC_Transmit_FS
 .text.CDC_Receive_FS
                0x0000000008000e44       0x28 build/usbd_cdc_if.o
 .text.NMI_Handler
                0x0000000008000e6c        0x2 build/stm32f4xx_it.o
                0x0000000008000e6c                NMI_Handler
 .text.HardFault_Handler
                0x0000000008000e6e        0x2 build/stm32f4xx_it.o
                0x0000000008000e6e                HardFault_Handler
 .text.MemManage_Handler
                0x0000000008000e70        0x2 build/stm32f4xx_it.o
                0x0000000008000e70                MemManage_Handler
 .text.BusFault_Handler
                0x0000000008000e72        0x2 build/stm32f4xx_it.o
                0x0000000008000e72                BusFault_Handler
 .text.UsageFault_Handler
                0x0000000008000e74        0x2 build/stm32f4xx_it.o
                0x0000000008000e74                UsageFault_Handler
 .text.SVC_Handler
                0x0000000008000e76        0x2 build/stm32f4xx_it.o
                0x0000000008000e76                SVC_Handler
 .text.DebugMon_Handler
                0x0000000008000e78        0x2 build/stm32f4xx_it.o
                0x0000000008000e78                DebugMon_Handler
 .text.PendSV_Handler
                0x0000000008000e7a        0x2 build/stm32f4xx_it.o
                0x0000000008000e7a                PendSV_Handler
 .text.SysTick_Handler
                0x0000000008000e7c        0x8 build/stm32f4xx_it.o
                0x0000000008000e7c                SysTick_Handler
 .text.DMA2_Stream0_IRQHandler
                0x0000000008000e84       0x10 build/stm32f4xx_it.o
                0x0000000008000e84                DMA2_Stream0_IRQHandler
 .text.OTG_FS_IRQHandler
                0x0000000008000e94       0x10 build/stm32f4xx_it.o
                0x0000000008000e94                OTG_FS_IRQHandler
 .text.HAL_MspInit
                0x0000000008000ea4       0x38 build/stm32f4xx_hal_msp.o
                0x0000000008000ea4                HAL_MspInit
 .text.HAL_ADC_MspInit
                0x0000000008000edc       0xac build/stm32f4xx_hal_msp.o
                0x0000000008000edc                HAL_ADC_MspInit
 .text.HAL_TIM_Base_MspInit
                0x0000000008000f88       0x30 build/stm32f4xx_hal_msp.o
                0x0000000008000f88                HAL_TIM_Base_MspInit
 .text.HAL_TIM_MspPostInit
                0x0000000008000fb8       0x5c build/stm32f4xx_hal_msp.o
                0x0000000008000fb8                HAL_TIM_MspPostInit
 .text.PCD_WriteEmptyTxFifo
                0x0000000008001014       0xd2 build/stm32f4xx_hal_pcd.o
 .text.HAL_PCD_Init
                0x00000000080010e6      0x122 build/stm32f4xx_hal_pcd.o
                0x00000000080010e6                HAL_PCD_Init
 .text.HAL_PCD_Start
                0x0000000008001208       0x42 build/stm32f4xx_hal_pcd.o
                0x0000000008001208                HAL_PCD_Start
 *fill*         0x000000000800124a        0x2 
 .text.PCD_EP_OutXfrComplete_int
                0x000000000800124c       0xf8 build/stm32f4xx_hal_pcd.o
 .text.PCD_EP_OutSetupPacket_int
                0x0000000008001344       0x6c build/stm32f4xx_hal_pcd.o
 .text.HAL_PCD_IRQHandler
                0x00000000080013b0      0x4a0 build/stm32f4xx_hal_pcd.o
                0x00000000080013b0                HAL_PCD_IRQHandler
 .text.HAL_PCD_SetAddress
                0x0000000008001850       0x28 build/stm32f4xx_hal_pcd.o
                0x0000000008001850                HAL_PCD_SetAddress
 .text.HAL_PCD_EP_Open
                0x0000000008001878       0x80 build/stm32f4xx_hal_pcd.o
                0x0000000008001878                HAL_PCD_EP_Open
 .text.HAL_PCD_EP_Close
                0x00000000080018f8       0x6c build/stm32f4xx_hal_pcd.o
                0x00000000080018f8                HAL_PCD_EP_Close
 .text.HAL_PCD_EP_Receive
                0x0000000008001964       0x5c build/stm32f4xx_hal_pcd.o
                0x0000000008001964                HAL_PCD_EP_Receive
 .text.HAL_PCD_EP_GetRxCount
                0x00000000080019c0       0x12 build/stm32f4xx_hal_pcd.o
                0x00000000080019c0                HAL_PCD_EP_GetRxCount
 .text.HAL_PCD_EP_Transmit
                0x00000000080019d2       0x54 build/stm32f4xx_hal_pcd.o
                0x00000000080019d2                HAL_PCD_EP_Transmit
 .text.HAL_PCD_EP_SetStall
                0x0000000008001a26       0x82 build/stm32f4xx_hal_pcd.o
                0x0000000008001a26                HAL_PCD_EP_SetStall
 .text.HAL_PCD_EP_ClrStall
                0x0000000008001aa8       0x6e build/stm32f4xx_hal_pcd.o
                0x0000000008001aa8                HAL_PCD_EP_ClrStall
 .text.HAL_PCDEx_SetTxFiFo
                0x0000000008001b16       0x48 build/stm32f4xx_hal_pcd_ex.o
                0x0000000008001b16                HAL_PCDEx_SetTxFiFo
 .text.HAL_PCDEx_SetRxFiFo
                0x0000000008001b5e        0x8 build/stm32f4xx_hal_pcd_ex.o
                0x0000000008001b5e                HAL_PCDEx_SetRxFiFo
 .text.HAL_PCDEx_LPM_Callback
                0x0000000008001b66        0x2 build/stm32f4xx_hal_pcd_ex.o
                0x0000000008001b66                HAL_PCDEx_LPM_Callback
 .text.USB_CoreReset
                0x0000000008001b68       0x3c build/stm32f4xx_ll_usb.o
 .text.USB_CoreInit
                0x0000000008001ba4       0x8a build/stm32f4xx_ll_usb.o
                0x0000000008001ba4                USB_CoreInit
 *fill*         0x0000000008001c2e        0x2 
 .text.USB_SetTurnaroundTime
                0x0000000008001c30       0xec build/stm32f4xx_ll_usb.o
                0x0000000008001c30                USB_SetTurnaroundTime
 .text.USB_EnableGlobalInt
                0x0000000008001d1c        0xc build/stm32f4xx_ll_usb.o
                0x0000000008001d1c                USB_EnableGlobalInt
 .text.USB_DisableGlobalInt
                0x0000000008001d28        0xc build/stm32f4xx_ll_usb.o
                0x0000000008001d28                USB_DisableGlobalInt
 .text.USB_SetCurrentMode
                0x0000000008001d34       0x30 build/stm32f4xx_ll_usb.o
                0x0000000008001d34                USB_SetCurrentMode
 .text.USB_FlushTxFifo
                0x0000000008001d64       0x28 build/stm32f4xx_ll_usb.o
                0x0000000008001d64                USB_FlushTxFifo
 .text.USB_FlushRxFifo
                0x0000000008001d8c       0x24 build/stm32f4xx_ll_usb.o
                0x0000000008001d8c                USB_FlushRxFifo
 .text.USB_SetDevSpeed
                0x0000000008001db0        0xe build/stm32f4xx_ll_usb.o
                0x0000000008001db0                USB_SetDevSpeed
 *fill*         0x0000000008001dbe        0x2 
 .text.USB_DevInit
                0x0000000008001dc0      0x19c build/stm32f4xx_ll_usb.o
                0x0000000008001dc0                USB_DevInit
 .text.USB_GetDevSpeed
                0x0000000008001f5c       0x22 build/stm32f4xx_ll_usb.o
                0x0000000008001f5c                USB_GetDevSpeed
 .text.USB_ActivateEndpoint
                0x0000000008001f7e       0x94 build/stm32f4xx_ll_usb.o
                0x0000000008001f7e                USB_ActivateEndpoint
 *fill*         0x0000000008002012        0x2 
 .text.USB_DeactivateEndpoint
                0x0000000008002014       0x90 build/stm32f4xx_ll_usb.o
                0x0000000008002014                USB_DeactivateEndpoint
 .text.USB_EP0StartXfer
                0x00000000080020a4      0x11c build/stm32f4xx_ll_usb.o
                0x00000000080020a4                USB_EP0StartXfer
 .text.USB_WritePacket
                0x00000000080021c0       0x28 build/stm32f4xx_ll_usb.o
                0x00000000080021c0                USB_WritePacket
 .text.USB_EPStartXfer
                0x00000000080021e8      0x218 build/stm32f4xx_ll_usb.o
                0x00000000080021e8                USB_EPStartXfer
 .text.USB_ReadPacket
                0x0000000008002400       0x28 build/stm32f4xx_ll_usb.o
                0x0000000008002400                USB_ReadPacket
 .text.USB_EPSetStall
                0x0000000008002428       0x5a build/stm32f4xx_ll_usb.o
                0x0000000008002428                USB_EPSetStall
 .text.USB_EPClearStall
                0x0000000008002482       0x5c build/stm32f4xx_ll_usb.o
                0x0000000008002482                USB_EPClearStall
 .text.USB_SetDevAddress
                0x00000000080024de       0x20 build/stm32f4xx_ll_usb.o
                0x00000000080024de                USB_SetDevAddress
 .text.USB_DevConnect
                0x00000000080024fe       0x18 build/stm32f4xx_ll_usb.o
                0x00000000080024fe                USB_DevConnect
 .text.USB_DevDisconnect
                0x0000000008002516       0x18 build/stm32f4xx_ll_usb.o
                0x0000000008002516                USB_DevDisconnect
 .text.USB_ReadInterrupts
                0x000000000800252e        0x8 build/stm32f4xx_ll_usb.o
                0x000000000800252e                USB_ReadInterrupts
 .text.USB_ReadDevAllOutEpInterrupt
                0x0000000008002536       0x10 build/stm32f4xx_ll_usb.o
                0x0000000008002536                USB_ReadDevAllOutEpInterrupt
 .text.USB_ReadDevAllInEpInterrupt
                0x0000000008002546       0x10 build/stm32f4xx_ll_usb.o
                0x0000000008002546                USB_ReadDevAllInEpInterrupt
 .text.USB_ReadDevOutEPInterrupt
                0x0000000008002556       0x12 build/stm32f4xx_ll_usb.o
                0x0000000008002556                USB_ReadDevOutEPInterrupt
 .text.USB_ReadDevInEPInterrupt
                0x0000000008002568       0x28 build/stm32f4xx_ll_usb.o
                0x0000000008002568                USB_ReadDevInEPInterrupt
 .text.USB_GetMode
                0x0000000008002590        0x8 build/stm32f4xx_ll_usb.o
                0x0000000008002590                USB_GetMode
 .text.USB_ActivateSetup
                0x0000000008002598       0x38 build/stm32f4xx_ll_usb.o
                0x0000000008002598                USB_ActivateSetup
 .text.USB_EP0_OutStart
                0x00000000080025d0       0x60 build/stm32f4xx_ll_usb.o
                0x00000000080025d0                USB_EP0_OutStart
 .text.ADC_Init
                0x0000000008002630      0x134 build/stm32f4xx_hal_adc.o
 .text.HAL_ADC_Init
                0x0000000008002764       0x56 build/stm32f4xx_hal_adc.o
                0x0000000008002764                HAL_ADC_Init
 *fill*         0x00000000080027ba        0x2 
 .text.HAL_ADC_Start_DMA
                0x00000000080027bc      0x178 build/stm32f4xx_hal_adc.o
                0x00000000080027bc                HAL_ADC_Start_DMA
 .text.HAL_ADC_ConvCpltCallback
                0x0000000008002934        0x2 build/stm32f4xx_hal_adc.o
                0x0000000008002934                HAL_ADC_ConvCpltCallback
 .text.HAL_ADC_ConvHalfCpltCallback
                0x0000000008002936        0x2 build/stm32f4xx_hal_adc.o
                0x0000000008002936                HAL_ADC_ConvHalfCpltCallback
 .text.ADC_DMAHalfConvCplt
                0x0000000008002938        0xa build/stm32f4xx_hal_adc.o
 .text.HAL_ADC_ErrorCallback
                0x0000000008002942        0x2 build/stm32f4xx_hal_adc.o
                0x0000000008002942                HAL_ADC_ErrorCallback
 .text.ADC_DMAError
                0x0000000008002944       0x16 build/stm32f4xx_hal_adc.o
 .text.ADC_DMAConvCplt
                0x000000000800295a       0x72 build/stm32f4xx_hal_adc.o
 .text.HAL_ADC_ConfigChannel
                0x00000000080029cc      0x190 build/stm32f4xx_hal_adc.o
                0x00000000080029cc                HAL_ADC_ConfigChannel
 .text.TIM_OC1_SetConfig
                0x0000000008002b5c       0x68 build/stm32f4xx_hal_tim.o
 .text.TIM_OC3_SetConfig
                0x0000000008002bc4       0x70 build/stm32f4xx_hal_tim.o
 .text.TIM_OC4_SetConfig
                0x0000000008002c34       0x50 build/stm32f4xx_hal_tim.o
 .text.TIM_TI1_ConfigInputStage
                0x0000000008002c84       0x26 build/stm32f4xx_hal_tim.o
 .text.TIM_TI2_ConfigInputStage
                0x0000000008002caa       0x28 build/stm32f4xx_hal_tim.o
 .text.TIM_ITRx_SetConfig
                0x0000000008002cd2       0x10 build/stm32f4xx_hal_tim.o
 .text.HAL_TIM_PWM_MspInit
                0x0000000008002ce2        0x2 build/stm32f4xx_hal_tim.o
                0x0000000008002ce2                HAL_TIM_PWM_MspInit
 .text.TIM_Base_SetConfig
                0x0000000008002ce4       0xc8 build/stm32f4xx_hal_tim.o
                0x0000000008002ce4                TIM_Base_SetConfig
 .text.HAL_TIM_Base_Init
                0x0000000008002dac       0x34 build/stm32f4xx_hal_tim.o
                0x0000000008002dac                HAL_TIM_Base_Init
 .text.HAL_TIM_PWM_Init
                0x0000000008002de0       0x34 build/stm32f4xx_hal_tim.o
                0x0000000008002de0                HAL_TIM_PWM_Init
 .text.TIM_OC2_SetConfig
                0x0000000008002e14       0x70 build/stm32f4xx_hal_tim.o
                0x0000000008002e14                TIM_OC2_SetConfig
 .text.HAL_TIM_PWM_ConfigChannel
                0x0000000008002e84       0xdc build/stm32f4xx_hal_tim.o
                0x0000000008002e84                HAL_TIM_PWM_ConfigChannel
 .text.TIM_ETR_SetConfig
                0x0000000008002f60       0x18 build/stm32f4xx_hal_tim.o
                0x0000000008002f60                TIM_ETR_SetConfig
 .text.HAL_TIM_ConfigClockSource
                0x0000000008002f78       0xdc build/stm32f4xx_hal_tim.o
                0x0000000008002f78                HAL_TIM_ConfigClockSource
 .text.TIM_CCxChannelCmd
                0x0000000008003054       0x22 build/stm32f4xx_hal_tim.o
                0x0000000008003054                TIM_CCxChannelCmd
 *fill*         0x0000000008003076        0x2 
 .text.HAL_TIM_PWM_Start
                0x0000000008003078       0x40 build/stm32f4xx_hal_tim.o
                0x0000000008003078                HAL_TIM_PWM_Start
 .text.HAL_TIMEx_MasterConfigSynchronization
                0x00000000080030b8       0x46 build/stm32f4xx_hal_tim_ex.o
                0x00000000080030b8                HAL_TIMEx_MasterConfigSynchronization
 .text.HAL_TIMEx_ConfigBreakDeadTime
                0x00000000080030fe       0x52 build/stm32f4xx_hal_tim_ex.o
                0x00000000080030fe                HAL_TIMEx_ConfigBreakDeadTime
 .text.HAL_RCC_OscConfig
                0x0000000008003150      0x398 build/stm32f4xx_hal_rcc.o
                0x0000000008003150                HAL_RCC_OscConfig
 .text.HAL_RCC_GetSysClockFreq
                0x00000000080034e8       0xd4 build/stm32f4xx_hal_rcc.o
                0x00000000080034e8                HAL_RCC_GetSysClockFreq
 .text.HAL_RCC_ClockConfig
                0x00000000080035bc      0x15c build/stm32f4xx_hal_rcc.o
                0x00000000080035bc                HAL_RCC_ClockConfig
 .text.HAL_RCC_GetHCLKFreq
                0x0000000008003718        0xc build/stm32f4xx_hal_rcc.o
                0x0000000008003718                HAL_RCC_GetHCLKFreq
 .text.HAL_GPIO_Init
                0x0000000008003724      0x1c8 build/stm32f4xx_hal_gpio.o
                0x0000000008003724                HAL_GPIO_Init
 .text.HAL_GPIO_WritePin
                0x00000000080038ec        0xc build/stm32f4xx_hal_gpio.o
                0x00000000080038ec                HAL_GPIO_WritePin
 .text.HAL_GPIO_TogglePin
                0x00000000080038f8       0x12 build/stm32f4xx_hal_gpio.o
                0x00000000080038f8                HAL_GPIO_TogglePin
 .text.DMA_SetConfig
                0x000000000800390a       0x2c build/stm32f4xx_hal_dma.o
 *fill*         0x0000000008003936        0x2 
 .text.DMA_CalcBaseAndBitshift
                0x0000000008003938       0x44 build/stm32f4xx_hal_dma.o
 .text.DMA_CheckFifoParam
                0x000000000800397c       0x8e build/stm32f4xx_hal_dma.o
 *fill*         0x0000000008003a0a        0x2 
 .text.HAL_DMA_Init
                0x0000000008003a0c       0xcc build/stm32f4xx_hal_dma.o
                0x0000000008003a0c                HAL_DMA_Init
 .text.HAL_DMA_Start_IT
                0x0000000008003ad8       0x74 build/stm32f4xx_hal_dma.o
                0x0000000008003ad8                HAL_DMA_Start_IT
 .text.HAL_DMA_IRQHandler
                0x0000000008003b4c      0x1dc build/stm32f4xx_hal_dma.o
                0x0000000008003b4c                HAL_DMA_IRQHandler
 .text.HAL_NVIC_SetPriorityGrouping
                0x0000000008003d28       0x24 build/stm32f4xx_hal_cortex.o
                0x0000000008003d28                HAL_NVIC_SetPriorityGrouping
 .text.HAL_NVIC_SetPriority
                0x0000000008003d4c       0x68 build/stm32f4xx_hal_cortex.o
                0x0000000008003d4c                HAL_NVIC_SetPriority
 .text.HAL_NVIC_EnableIRQ
                0x0000000008003db4       0x1c build/stm32f4xx_hal_cortex.o
                0x0000000008003db4                HAL_NVIC_EnableIRQ
 .text.HAL_SYSTICK_Config
                0x0000000008003dd0       0x2c build/stm32f4xx_hal_cortex.o
                0x0000000008003dd0                HAL_SYSTICK_Config
 .text.HAL_InitTick
                0x0000000008003dfc       0x4c build/stm32f4xx_hal.o
                0x0000000008003dfc                HAL_InitTick
 .text.HAL_Init
                0x0000000008003e48       0x34 build/stm32f4xx_hal.o
                0x0000000008003e48                HAL_Init
 .text.HAL_IncTick
                0x0000000008003e7c       0x18 build/stm32f4xx_hal.o
                0x0000000008003e7c                HAL_IncTick
 .text.HAL_GetTick
                0x0000000008003e94        0xc build/stm32f4xx_hal.o
                0x0000000008003e94                HAL_GetTick
 .text.HAL_Delay
                0x0000000008003ea0       0x28 build/stm32f4xx_hal.o
                0x0000000008003ea0                HAL_Delay
 .text.SystemInit
                0x0000000008003ec8       0x4c build/system_stm32f4xx.o
                0x0000000008003ec8                SystemInit
 .text.USBD_Init
                0x0000000008003f14       0x2e build/usbd_core.o
                0x0000000008003f14                USBD_Init
 .text.USBD_RegisterClass
                0x0000000008003f42        0xe build/usbd_core.o
                0x0000000008003f42                USBD_RegisterClass
 .text.USBD_Start
                0x0000000008003f50        0xa build/usbd_core.o
                0x0000000008003f50                USBD_Start
 .text.USBD_SetClassConfig
                0x0000000008003f5a       0x1a build/usbd_core.o
                0x0000000008003f5a                USBD_SetClassConfig
 .text.USBD_ClrClassConfig
                0x0000000008003f74        0xe build/usbd_core.o
                0x0000000008003f74                USBD_ClrClassConfig
 .text.USBD_LL_SetupStage
                0x0000000008003f82       0x5c build/usbd_core.o
                0x0000000008003f82                USBD_LL_SetupStage
 .text.USBD_LL_DataOutStage
                0x0000000008003fde       0x94 build/usbd_core.o
                0x0000000008003fde                USBD_LL_DataOutStage
 .text.USBD_LL_DataInStage
                0x0000000008004072       0xd4 build/usbd_core.o
                0x0000000008004072                USBD_LL_DataInStage
 .text.USBD_LL_Reset
                0x0000000008004146       0x50 build/usbd_core.o
                0x0000000008004146                USBD_LL_Reset
 .text.USBD_LL_SetSpeed
                0x0000000008004196        0x6 build/usbd_core.o
                0x0000000008004196                USBD_LL_SetSpeed
 .text.USBD_LL_Suspend
                0x000000000800419c       0x12 build/usbd_core.o
                0x000000000800419c                USBD_LL_Suspend
 .text.USBD_LL_Resume
                0x00000000080041ae        0xc build/usbd_core.o
                0x00000000080041ae                USBD_LL_Resume
 .text.USBD_LL_SOF
                0x00000000080041ba       0x1c build/usbd_core.o
                0x00000000080041ba                USBD_LL_SOF
 .text.USBD_LL_IsoINIncomplete
                0x00000000080041d6        0x4 build/usbd_core.o
                0x00000000080041d6                USBD_LL_IsoINIncomplete
 .text.USBD_LL_IsoOUTIncomplete
                0x00000000080041da        0x4 build/usbd_core.o
                0x00000000080041da                USBD_LL_IsoOUTIncomplete
 .text.USBD_LL_DevConnected
                0x00000000080041de        0x4 build/usbd_core.o
                0x00000000080041de                USBD_LL_DevConnected
 .text.USBD_LL_DevDisconnected
                0x00000000080041e2       0x16 build/usbd_core.o
                0x00000000080041e2                USBD_LL_DevDisconnected
 .text.USBD_GetLen
                0x00000000080041f8       0x12 build/usbd_ctlreq.o
 .text.USBD_SetFeature
                0x000000000800420a       0x14 build/usbd_ctlreq.o
 .text.USBD_ParseSetupRequest
                0x000000000800421e       0x28 build/usbd_ctlreq.o
                0x000000000800421e                USBD_ParseSetupRequest
 .text.USBD_CtlError
                0x0000000008004246       0x14 build/usbd_ctlreq.o
                0x0000000008004246                USBD_CtlError
 .text.USBD_GetDescriptor
                0x000000000800425a      0x140 build/usbd_ctlreq.o
 .text.USBD_SetAddress
                0x000000000800439a       0x4e build/usbd_ctlreq.o
 .text.USBD_SetConfig
                0x00000000080043e8       0xb0 build/usbd_ctlreq.o
 .text.USBD_GetConfig
                0x0000000008004498       0x3e build/usbd_ctlreq.o
 .text.USBD_GetStatus
                0x00000000080044d6       0x38 build/usbd_ctlreq.o
 .text.USBD_ClrFeature
                0x000000000800450e       0x26 build/usbd_ctlreq.o
 .text.USBD_StdDevReq
                0x0000000008004534       0x68 build/usbd_ctlreq.o
                0x0000000008004534                USBD_StdDevReq
 .text.USBD_StdItfReq
                0x000000000800459c       0x60 build/usbd_ctlreq.o
                0x000000000800459c                USBD_StdItfReq
 .text.USBD_StdEPReq
                0x00000000080045fc      0x20c build/usbd_ctlreq.o
                0x00000000080045fc                USBD_StdEPReq
 .text.USBD_GetString
                0x0000000008004808       0x36 build/usbd_ctlreq.o
                0x0000000008004808                USBD_GetString
 .text.USBD_CtlSendData
                0x000000000800483e       0x1a build/usbd_ioreq.o
                0x000000000800483e                USBD_CtlSendData
 .text.USBD_CtlContinueSendData
                0x0000000008004858       0x10 build/usbd_ioreq.o
                0x0000000008004858                USBD_CtlContinueSendData
 .text.USBD_CtlPrepareRx
                0x0000000008004868       0x1e build/usbd_ioreq.o
                0x0000000008004868                USBD_CtlPrepareRx
 .text.USBD_CtlContinueRx
                0x0000000008004886       0x10 build/usbd_ioreq.o
                0x0000000008004886                USBD_CtlContinueRx
 .text.USBD_CtlSendStatus
                0x0000000008004896       0x16 build/usbd_ioreq.o
                0x0000000008004896                USBD_CtlSendStatus
 .text.USBD_CtlReceiveStatus
                0x00000000080048ac       0x16 build/usbd_ioreq.o
                0x00000000080048ac                USBD_CtlReceiveStatus
 .text.USBD_CDC_EP0_RxReady
                0x00000000080048c2       0x28 build/usbd_cdc.o
 *fill*         0x00000000080048ea        0x2 
 .text.USBD_CDC_GetFSCfgDesc
                0x00000000080048ec        0xc build/usbd_cdc.o
 .text.USBD_CDC_GetHSCfgDesc
                0x00000000080048f8        0xc build/usbd_cdc.o
 .text.USBD_CDC_GetOtherSpeedCfgDesc
                0x0000000008004904        0xc build/usbd_cdc.o
 .text.USBD_CDC_GetDeviceQualifierDescriptor
                0x0000000008004910        0xc build/usbd_cdc.o
                0x0000000008004910                USBD_CDC_GetDeviceQualifierDescriptor
 .text.USBD_CDC_DataOut
                0x000000000800491c       0x2e build/usbd_cdc.o
 .text.USBD_CDC_DataIn
                0x000000000800494a       0x4e build/usbd_cdc.o
 .text.USBD_CDC_Setup
                0x0000000008004998       0xda build/usbd_cdc.o
 .text.USBD_CDC_DeInit
                0x0000000008004a72       0x42 build/usbd_cdc.o
 .text.USBD_CDC_Init
                0x0000000008004ab4       0xaa build/usbd_cdc.o
 .text.USBD_CDC_RegisterInterface
                0x0000000008004b5e        0xe build/usbd_cdc.o
                0x0000000008004b5e                USBD_CDC_RegisterInterface
 .text.USBD_CDC_SetTxBuffer
                0x0000000008004b6c       0x10 build/usbd_cdc.o
                0x0000000008004b6c                USBD_CDC_SetTxBuffer
 .text.USBD_CDC_SetRxBuffer
                0x0000000008004b7c        0xc build/usbd_cdc.o
                0x0000000008004b7c                USBD_CDC_SetRxBuffer
 .text.USBD_CDC_TransmitPacket
                0x0000000008004b88       0x34 build/usbd_cdc.o
                0x0000000008004b88                USBD_CDC_TransmitPacket
 .text.USBD_CDC_ReceivePacket
                0x0000000008004bbc       0x30 build/usbd_cdc.o
                0x0000000008004bbc                USBD_CDC_ReceivePacket
 .text.Reset_Handler
                0x0000000008004bec       0x50 build/startup_stm32f407xx.o
                0x0000000008004bec                Reset_Handler
 .text.Default_Handler
                0x0000000008004c3c        0x2 build/startup_stm32f407xx.o
                0x0000000008004c3c                RTC_Alarm_IRQHandler
                0x0000000008004c3c                HASH_RNG_IRQHandler
                0x0000000008004c3c                EXTI2_IRQHandler
                0x0000000008004c3c                TIM8_CC_IRQHandler
                0x0000000008004c3c                TIM1_CC_IRQHandler
                0x0000000008004c3c                DMA2_Stream5_IRQHandler
                0x0000000008004c3c                DMA1_Stream5_IRQHandler
                0x0000000008004c3c                PVD_IRQHandler
                0x0000000008004c3c                SDIO_IRQHandler
                0x0000000008004c3c                TAMP_STAMP_IRQHandler
                0x0000000008004c3c                CAN2_RX1_IRQHandler
                0x0000000008004c3c                EXTI3_IRQHandler
                0x0000000008004c3c                TIM8_TRG_COM_TIM14_IRQHandler
                0x0000000008004c3c                TIM1_UP_TIM10_IRQHandler
                0x0000000008004c3c                TIM8_UP_TIM13_IRQHandler
                0x0000000008004c3c                I2C3_ER_IRQHandler
                0x0000000008004c3c                EXTI0_IRQHandler
                0x0000000008004c3c                I2C2_EV_IRQHandler
                0x0000000008004c3c                DMA1_Stream2_IRQHandler
                0x0000000008004c3c                CAN1_RX0_IRQHandler
                0x0000000008004c3c                FPU_IRQHandler
                0x0000000008004c3c                OTG_HS_WKUP_IRQHandler
                0x0000000008004c3c                CAN2_SCE_IRQHandler
                0x0000000008004c3c                DMA2_Stream2_IRQHandler
                0x0000000008004c3c                SPI1_IRQHandler
                0x0000000008004c3c                TIM6_DAC_IRQHandler
                0x0000000008004c3c                TIM1_BRK_TIM9_IRQHandler
                0x0000000008004c3c                DCMI_IRQHandler
                0x0000000008004c3c                CAN2_RX0_IRQHandler
                0x0000000008004c3c                DMA2_Stream3_IRQHandler
                0x0000000008004c3c                USART6_IRQHandler
                0x0000000008004c3c                USART3_IRQHandler
                0x0000000008004c3c                CAN1_RX1_IRQHandler
                0x0000000008004c3c                UART5_IRQHandler
                0x0000000008004c3c                TIM4_IRQHandler
                0x0000000008004c3c                I2C1_EV_IRQHandler
                0x0000000008004c3c                DMA1_Stream6_IRQHandler
                0x0000000008004c3c                DMA1_Stream1_IRQHandler
                0x0000000008004c3c                UART4_IRQHandler
                0x0000000008004c3c                TIM3_IRQHandler
                0x0000000008004c3c                RCC_IRQHandler
                0x0000000008004c3c                TIM8_BRK_TIM12_IRQHandler
                0x0000000008004c3c                Default_Handler
                0x0000000008004c3c                EXTI15_10_IRQHandler
                0x0000000008004c3c                ADC_IRQHandler
                0x0000000008004c3c                DMA1_Stream7_IRQHandler
                0x0000000008004c3c                TIM7_IRQHandler
                0x0000000008004c3c                CAN2_TX_IRQHandler
                0x0000000008004c3c                TIM5_IRQHandler
                0x0000000008004c3c                DMA2_Stream7_IRQHandler
                0x0000000008004c3c                I2C3_EV_IRQHandler
                0x0000000008004c3c                EXTI9_5_IRQHandler
                0x0000000008004c3c                RTC_WKUP_IRQHandler
                0x0000000008004c3c                ETH_WKUP_IRQHandler
                0x0000000008004c3c                SPI2_IRQHandler
                0x0000000008004c3c                OTG_HS_EP1_IN_IRQHandler
                0x0000000008004c3c                DMA1_Stream0_IRQHandler
                0x0000000008004c3c                CAN1_TX_IRQHandler
                0x0000000008004c3c                EXTI4_IRQHandler
                0x0000000008004c3c                FSMC_IRQHandler
                0x0000000008004c3c                ETH_IRQHandler
                0x0000000008004c3c                OTG_HS_EP1_OUT_IRQHandler
                0x0000000008004c3c                WWDG_IRQHandler
                0x0000000008004c3c                TIM2_IRQHandler
                0x0000000008004c3c                OTG_FS_WKUP_IRQHandler
                0x0000000008004c3c                TIM1_TRG_COM_TIM11_IRQHandler
                0x0000000008004c3c                OTG_HS_IRQHandler
                0x0000000008004c3c                EXTI1_IRQHandler
                0x0000000008004c3c                USART2_IRQHandler
                0x0000000008004c3c                I2C2_ER_IRQHandler
                0x0000000008004c3c                DMA2_Stream1_IRQHandler
                0x0000000008004c3c                CAN1_SCE_IRQHandler
                0x0000000008004c3c                FLASH_IRQHandler
                0x0000000008004c3c                DMA2_Stream4_IRQHandler
                0x0000000008004c3c                USART1_IRQHandler
                0x0000000008004c3c                SPI3_IRQHandler
                0x0000000008004c3c                DMA1_Stream4_IRQHandler
                0x0000000008004c3c                I2C1_ER_IRQHandler
                0x0000000008004c3c                DMA2_Stream6_IRQHandler
                0x0000000008004c3c                DMA1_Stream3_IRQHandler
 *fill*         0x0000000008004c3e        0x2 
 .text.__libc_init_array
                0x0000000008004c40       0x48 /opt/gcc-arm-none-eabi-8-2018-q4-major/bin/../lib/gcc/arm-none-eabi/8.2.1/../../../../arm-none-eabi/lib/thumb/v7e-m+fp/hard/libc_nano.a(lib_a-init.o)
                0x0000000008004c40                __libc_init_array
 .text.malloc   0x0000000008004c88       0x10 /opt/gcc-arm-none-eabi-8-2018-q4-major/bin/../lib/gcc/arm-none-eabi/8.2.1/../../../../arm-none-eabi/lib/thumb/v7e-m+fp/hard/libc_nano.a(lib_a-malloc.o)
                0x0000000008004c88                malloc
 .text.free     0x0000000008004c98       0x10 /opt/gcc-arm-none-eabi-8-2018-q4-major/bin/../lib/gcc/arm-none-eabi/8.2.1/../../../../arm-none-eabi/lib/thumb/v7e-m+fp/hard/libc_nano.a(lib_a-malloc.o)
                0x0000000008004c98                free
 .text.memset   0x0000000008004ca8       0x10 /opt/gcc-arm-none-eabi-8-2018-q4-major/bin/../lib/gcc/arm-none-eabi/8.2.1/../../../../arm-none-eabi/lib/thumb/v7e-m+fp/hard/libc_nano.a(lib_a-memset.o)
                0x0000000008004ca8                memset
 .text._free_r  0x0000000008004cb8       0x9c /opt/gcc-arm-none-eabi-8-2018-q4-major/bin/../lib/gcc/arm-none-eabi/8.2.1/../../../../arm-none-eabi/lib/thumb/v7e-m+fp/hard/libc_nano.a(lib_a-nano-freer.o)
                0x0000000008004cb8                _free_r
 .text._malloc_r
                0x0000000008004d54       0xb4 /opt/gcc-arm-none-eabi-8-2018-q4-major/bin/../lib/gcc/arm-none-eabi/8.2.1/../../../../arm-none-eabi/lib/thumb/v7e-m+fp/hard/libc_nano.a(lib_a-nano-mallocr.o)
                0x0000000008004d54                _malloc_r
 .text._sbrk_r  0x0000000008004e08       0x20 /opt/gcc-arm-none-eabi-8-2018-q4-major/bin/../lib/gcc/arm-none-eabi/8.2.1/../../../../arm-none-eabi/lib/thumb/v7e-m+fp/hard/libc_nano.a(lib_a-sbrkr.o)
                0x0000000008004e08                _sbrk_r
 .text.sprintf  0x0000000008004e28       0x40 /opt/gcc-arm-none-eabi-8-2018-q4-major/bin/../lib/gcc/arm-none-eabi/8.2.1/../../../../arm-none-eabi/lib/thumb/v7e-m+fp/hard/libc_nano.a(lib_a-sprintf.o)
                0x0000000008004e28                sprintf
                0x0000000008004e28                siprintf
 .text.strncpy  0x0000000008004e68       0x26 /opt/gcc-arm-none-eabi-8-2018-q4-major/bin/../lib/gcc/arm-none-eabi/8.2.1/../../../../arm-none-eabi/lib/thumb/v7e-m+fp/hard/libc_nano.a(lib_a-strncpy.o)
                0x0000000008004e68                strncpy
 *fill*         0x0000000008004e8e        0x2 
 .text.__malloc_lock
                0x0000000008004e90        0xc /opt/gcc-arm-none-eabi-8-2018-q4-major/bin/../lib/gcc/arm-none-eabi/8.2.1/../../../../arm-none-eabi/lib/thumb/v7e-m+fp/hard/libc_nano.a(lib_a-mlock.o)
                0x0000000008004e90                __malloc_lock
 .text.__malloc_unlock
                0x0000000008004e9c        0xc /opt/gcc-arm-none-eabi-8-2018-q4-major/bin/../lib/gcc/arm-none-eabi/8.2.1/../../../../arm-none-eabi/lib/thumb/v7e-m+fp/hard/libc_nano.a(lib_a-mlock.o)
                0x0000000008004e9c                __malloc_unlock
 .text.__ssputs_r
                0x0000000008004ea8       0xb6 /opt/gcc-arm-none-eabi-8-2018-q4-major/bin/../lib/gcc/arm-none-eabi/8.2.1/../../../../arm-none-eabi/lib/thumb/v7e-m+fp/hard/libc_nano.a(lib_a-nano-svfprintf.o)
                0x0000000008004ea8                __ssputs_r
 *fill*         0x0000000008004f5e        0x2 
 .text._svfprintf_r
                0x0000000008004f60      0x1f0 /opt/gcc-arm-none-eabi-8-2018-q4-major/bin/../lib/gcc/arm-none-eabi/8.2.1/../../../../arm-none-eabi/lib/thumb/v7e-m+fp/hard/libc_nano.a(lib_a-nano-svfprintf.o)
                0x0000000008004f60                _svfprintf_r
                0x0000000008004f60                _svfiprintf_r
 .text._printf_common
                0x0000000008005150       0xea /opt/gcc-arm-none-eabi-8-2018-q4-major/bin/../lib/gcc/arm-none-eabi/8.2.1/../../../../arm-none-eabi/lib/thumb/v7e-m+fp/hard/libc_nano.a(lib_a-nano-vfprintf_i.o)
                0x0000000008005150                _printf_common
 *fill*         0x000000000800523a        0x2 
 .text._printf_i
                0x000000000800523c      0x228 /opt/gcc-arm-none-eabi-8-2018-q4-major/bin/../lib/gcc/arm-none-eabi/8.2.1/../../../../arm-none-eabi/lib/thumb/v7e-m+fp/hard/libc_nano.a(lib_a-nano-vfprintf_i.o)
                0x000000000800523c                _printf_i
 .text.__retarget_lock_acquire_recursive
                0x0000000008005464        0x2 /opt/gcc-arm-none-eabi-8-2018-q4-major/bin/../lib/gcc/arm-none-eabi/8.2.1/../../../../arm-none-eabi/lib/thumb/v7e-m+fp/hard/libc_nano.a(lib_a-lock.o)
                0x0000000008005464                __retarget_lock_acquire_recursive
 .text.__retarget_lock_release_recursive
                0x0000000008005466        0x2 /opt/gcc-arm-none-eabi-8-2018-q4-major/bin/../lib/gcc/arm-none-eabi/8.2.1/../../../../arm-none-eabi/lib/thumb/v7e-m+fp/hard/libc_nano.a(lib_a-lock.o)
                0x0000000008005466                __retarget_lock_release_recursive
 .text.memcpy   0x0000000008005468       0x1c /opt/gcc-arm-none-eabi-8-2018-q4-major/bin/../lib/gcc/arm-none-eabi/8.2.1/../../../../arm-none-eabi/lib/thumb/v7e-m+fp/hard/libc_nano.a(lib_a-memcpy-stub.o)
                0x0000000008005468                memcpy
 .text.memmove  0x0000000008005484       0x34 /opt/gcc-arm-none-eabi-8-2018-q4-major/bin/../lib/gcc/arm-none-eabi/8.2.1/../../../../arm-none-eabi/lib/thumb/v7e-m+fp/hard/libc_nano.a(lib_a-memmove.o)
                0x0000000008005484                memmove
 .text._realloc_r
                0x00000000080054b8       0x4c /opt/gcc-arm-none-eabi-8-2018-q4-major/bin/../lib/gcc/arm-none-eabi/8.2.1/../../../../arm-none-eabi/lib/thumb/v7e-m+fp/hard/libc_nano.a(lib_a-nano-reallocr.o)
                0x00000000080054b8                _realloc_r
 .text._malloc_usable_size_r
                0x0000000008005504       0x10 /opt/gcc-arm-none-eabi-8-2018-q4-major/bin/../lib/gcc/arm-none-eabi/8.2.1/../../../../arm-none-eabi/lib/thumb/v7e-m+fp/hard/libc_nano.a(lib_a-nano-msizer.o)
                0x0000000008005504                _malloc_usable_size_r
 .text._sbrk    0x0000000008005514       0x1c /opt/gcc-arm-none-eabi-8-2018-q4-major/bin/../lib/gcc/arm-none-eabi/8.2.1/../../../../arm-none-eabi/lib/thumb/v7e-m+fp/hard/libnosys.a(sbrk.o)
                0x0000000008005514                _sbrk
 *(.glue_7)
 .glue_7        0x0000000008005530        0x0 linker stubs
 *(.glue_7t)
 .glue_7t       0x0000000008005530        0x0 linker stubs
 *(.eh_frame)
 .eh_frame      0x0000000008005530        0x0 /opt/gcc-arm-none-eabi-8-2018-q4-major/bin/../lib/gcc/arm-none-eabi/8.2.1/thumb/v7e-m+fp/hard/crtbegin.o
 *(.init)
 .init          0x0000000008005530        0x4 /opt/gcc-arm-none-eabi-8-2018-q4-major/bin/../lib/gcc/arm-none-eabi/8.2.1/thumb/v7e-m+fp/hard/crti.o
                0x0000000008005530                _init
 .init          0x0000000008005534        0x8 /opt/gcc-arm-none-eabi-8-2018-q4-major/bin/../lib/gcc/arm-none-eabi/8.2.1/thumb/v7e-m+fp/hard/crtn.o
 *(.fini)
 .fini          0x000000000800553c        0x4 /opt/gcc-arm-none-eabi-8-2018-q4-major/bin/../lib/gcc/arm-none-eabi/8.2.1/thumb/v7e-m+fp/hard/crti.o
                0x000000000800553c                _fini
 .fini          0x0000000008005540        0x8 /opt/gcc-arm-none-eabi-8-2018-q4-major/bin/../lib/gcc/arm-none-eabi/8.2.1/thumb/v7e-m+fp/hard/crtn.o
                0x0000000008005548                . = ALIGN (0x4)
                0x0000000008005548                _etext = .

.vfp11_veneer   0x0000000008005548        0x0
 .vfp11_veneer  0x0000000008005548        0x0 linker stubs

.v4_bx          0x0000000008005548        0x0
 .v4_bx         0x0000000008005548        0x0 linker stubs

.iplt           0x0000000008005548        0x0
 .iplt          0x0000000008005548        0x0 /opt/gcc-arm-none-eabi-8-2018-q4-major/bin/../lib/gcc/arm-none-eabi/8.2.1/thumb/v7e-m+fp/hard/crtbegin.o

.rodata         0x0000000008005548      0x1ac
                0x0000000008005548                . = ALIGN (0x4)
 *(.rodata)
 *(.rodata*)
 .rodata.CDC_ReceiveCallBack.str1.4
                0x0000000008005548       0x15 build/main.o
 *fill*         0x000000000800555d        0x3 
 .rodata.USBD_FS_ConfigStrDescriptor.str1.4
                0x0000000008005560        0xb build/usbd_desc.o
 *fill*         0x000000000800556b        0x1 
 .rodata.USBD_FS_InterfaceStrDescriptor.str1.4
                0x000000000800556c        0xe build/usbd_desc.o
 *fill*         0x000000000800557a        0x2 
 .rodata.USBD_FS_ManufacturerStrDescriptor.str1.4
                0x000000000800557c       0x13 build/usbd_desc.o
 *fill*         0x000000000800558f        0x1 
 .rodata.USBD_FS_ProductStrDescriptor.str1.4
                0x0000000008005590       0x18 build/usbd_desc.o
                                         0x16 (size before relaxing)
 .rodata.flagBitshiftOffset.8599
                0x00000000080055a8        0x8 build/stm32f4xx_hal_dma.o
 .rodata.AHBPrescTable
                0x00000000080055b0       0x10 build/system_stm32f4xx.o
                0x00000000080055b0                AHBPrescTable
 .rodata._ctype_
                0x00000000080055c0      0x101 /opt/gcc-arm-none-eabi-8-2018-q4-major/bin/../lib/gcc/arm-none-eabi/8.2.1/../../../../arm-none-eabi/lib/thumb/v7e-m+fp/hard/libc_nano.a(lib_a-ctype_.o)
                0x00000000080055c0                _ctype_
 .rodata._svfprintf_r.str1.1
                0x00000000080056c1       0x11 /opt/gcc-arm-none-eabi-8-2018-q4-major/bin/../lib/gcc/arm-none-eabi/8.2.1/../../../../arm-none-eabi/lib/thumb/v7e-m+fp/hard/libc_nano.a(lib_a-nano-svfprintf.o)
 .rodata._printf_i.str1.1
                0x00000000080056d2       0x22 /opt/gcc-arm-none-eabi-8-2018-q4-major/bin/../lib/gcc/arm-none-eabi/8.2.1/../../../../arm-none-eabi/lib/thumb/v7e-m+fp/hard/libc_nano.a(lib_a-nano-vfprintf_i.o)
                0x00000000080056f4                . = ALIGN (0x4)

.ARM.extab
 *(.ARM.extab* .gnu.linkonce.armextab.*)

.ARM            0x00000000080056f4        0x8
                0x00000000080056f4                __exidx_start = .
 *(.ARM.exidx*)
 .ARM.exidx     0x00000000080056f4        0x8 /opt/gcc-arm-none-eabi-8-2018-q4-major/bin/../lib/gcc/arm-none-eabi/8.2.1/thumb/v7e-m+fp/hard/libgcc.a(_udivmoddi4.o)
                0x00000000080056fc                __exidx_end = .

.rel.dyn        0x00000000080056fc        0x0
 .rel.iplt      0x00000000080056fc        0x0 /opt/gcc-arm-none-eabi-8-2018-q4-major/bin/../lib/gcc/arm-none-eabi/8.2.1/thumb/v7e-m+fp/hard/crtbegin.o

.preinit_array  0x00000000080056fc        0x0
                0x00000000080056fc                PROVIDE (__preinit_array_start = .)
 *(.preinit_array*)
                0x00000000080056fc                PROVIDE (__preinit_array_end = .)

.init_array     0x00000000080056fc        0x4
                0x00000000080056fc                PROVIDE (__init_array_start = .)
 *(SORT_BY_NAME(.init_array.*))
 *(.init_array*)
 .init_array    0x00000000080056fc        0x4 /opt/gcc-arm-none-eabi-8-2018-q4-major/bin/../lib/gcc/arm-none-eabi/8.2.1/thumb/v7e-m+fp/hard/crtbegin.o
                0x0000000008005700                PROVIDE (__init_array_end = .)

.fini_array     0x0000000008005700        0x4
                [!provide]                        PROVIDE (__fini_array_start = .)
 *(SORT_BY_NAME(.fini_array.*))
 *(.fini_array*)
 .fini_array    0x0000000008005700        0x4 /opt/gcc-arm-none-eabi-8-2018-q4-major/bin/../lib/gcc/arm-none-eabi/8.2.1/thumb/v7e-m+fp/hard/crtbegin.o
                [!provide]                        PROVIDE (__fini_array_end = .)
                0x0000000008005704                _sidata = LOADADDR (.data)

.data           0x0000000020000000      0x1e0 load address 0x0000000008005704
                0x0000000020000000                . = ALIGN (0x4)
                0x0000000020000000                _sdata = .
 *(.data)
 *(.data*)
 .data.FS_Desc  0x0000000020000000       0x1c build/usbd_desc.o
                0x0000000020000000                FS_Desc
 .data.USBD_FS_DeviceDesc
                0x000000002000001c       0x12 build/usbd_desc.o
                0x000000002000001c                USBD_FS_DeviceDesc
 *fill*         0x000000002000002e        0x2 
 .data.USBD_LangIDDesc
                0x0000000020000030        0x4 build/usbd_desc.o
                0x0000000020000030                USBD_LangIDDesc
 .data.USBD_StringSerial
                0x0000000020000034       0x1a build/usbd_desc.o
                0x0000000020000034                USBD_StringSerial
 *fill*         0x000000002000004e        0x2 
 .data.USBD_Interface_fops_FS
                0x0000000020000050       0x10 build/usbd_cdc_if.o
                0x0000000020000050                USBD_Interface_fops_FS
 .data.uwTickFreq
                0x0000000020000060        0x1 build/stm32f4xx_hal.o
                0x0000000020000060                uwTickFreq
 *fill*         0x0000000020000061        0x3 
 .data.uwTickPrio
                0x0000000020000064        0x4 build/stm32f4xx_hal.o
                0x0000000020000064                uwTickPrio
 .data.SystemCoreClock
                0x0000000020000068        0x4 build/system_stm32f4xx.o
                0x0000000020000068                SystemCoreClock
 .data.USBD_CDC
                0x000000002000006c       0x38 build/usbd_cdc.o
                0x000000002000006c                USBD_CDC
 .data.USBD_CDC_CfgFSDesc
                0x00000000200000a4       0x43 build/usbd_cdc.o
                0x00000000200000a4                USBD_CDC_CfgFSDesc
 *fill*         0x00000000200000e7        0x1 
 .data.USBD_CDC_CfgHSDesc
                0x00000000200000e8       0x43 build/usbd_cdc.o
                0x00000000200000e8                USBD_CDC_CfgHSDesc
 *fill*         0x000000002000012b        0x1 
 .data.USBD_CDC_DeviceQualifierDesc
                0x000000002000012c        0xa build/usbd_cdc.o
 *fill*         0x0000000020000136        0x2 
 .data.USBD_CDC_OtherSpeedCfgDesc
                0x0000000020000138       0x43 build/usbd_cdc.o
                0x0000000020000138                USBD_CDC_OtherSpeedCfgDesc
 *fill*         0x000000002000017b        0x1 
 .data._impure_ptr
                0x000000002000017c        0x4 /opt/gcc-arm-none-eabi-8-2018-q4-major/bin/../lib/gcc/arm-none-eabi/8.2.1/../../../../arm-none-eabi/lib/thumb/v7e-m+fp/hard/libc_nano.a(lib_a-impure.o)
                0x000000002000017c                _impure_ptr
 .data.impure_data
                0x0000000020000180       0x60 /opt/gcc-arm-none-eabi-8-2018-q4-major/bin/../lib/gcc/arm-none-eabi/8.2.1/../../../../arm-none-eabi/lib/thumb/v7e-m+fp/hard/libc_nano.a(lib_a-impure.o)
                0x00000000200001e0                . = ALIGN (0x4)
                0x00000000200001e0                _edata = .
                0x00000000080058e4                _siccmram = LOADADDR (.ccmram)

.igot.plt       0x00000000200001e0        0x0 load address 0x00000000080058e4
 .igot.plt      0x00000000200001e0        0x0 /opt/gcc-arm-none-eabi-8-2018-q4-major/bin/../lib/gcc/arm-none-eabi/8.2.1/thumb/v7e-m+fp/hard/crtbegin.o

.ccmram         0x0000000010000000        0x0 load address 0x00000000080058e4
                0x0000000010000000                . = ALIGN (0x4)
                0x0000000010000000                _sccmram = .
 *(.ccmram)
 *(.ccmram*)
                0x0000000010000000                . = ALIGN (0x4)
                0x0000000010000000                _eccmram = .
                0x0000000010000000                . = ALIGN (0x4)

.bss            0x00000000200001e0     0x1a08
                0x00000000200001e0                _sbss = .
                0x00000000200001e0                __bss_start__ = _sbss
 *(.bss)
 .bss           0x00000000200001e0       0x1c /opt/gcc-arm-none-eabi-8-2018-q4-major/bin/../lib/gcc/arm-none-eabi/8.2.1/thumb/v7e-m+fp/hard/crtbegin.o
 *(.bss*)
 .bss.ppm       0x00000000200001fc        0x2 build/main.o
                0x00000000200001fc                ppm
 .bss.cfgidx.10482
                0x00000000200001fe        0x1 build/usbd_ctlreq.o
 *fill*         0x00000000200001ff        0x1 
 .bss.__malloc_free_list
                0x0000000020000200        0x4 /opt/gcc-arm-none-eabi-8-2018-q4-major/bin/../lib/gcc/arm-none-eabi/8.2.1/../../../../arm-none-eabi/lib/thumb/v7e-m+fp/hard/libc_nano.a(lib_a-nano-mallocr.o)
                0x0000000020000200                __malloc_free_list
 .bss.__malloc_sbrk_start
                0x0000000020000204        0x4 /opt/gcc-arm-none-eabi-8-2018-q4-major/bin/../lib/gcc/arm-none-eabi/8.2.1/../../../../arm-none-eabi/lib/thumb/v7e-m+fp/hard/libc_nano.a(lib_a-nano-mallocr.o)
                0x0000000020000204                __malloc_sbrk_start
 .bss.heap_end.5501
                0x0000000020000208        0x4 /opt/gcc-arm-none-eabi-8-2018-q4-major/bin/../lib/gcc/arm-none-eabi/8.2.1/../../../../arm-none-eabi/lib/thumb/v7e-m+fp/hard/libnosys.a(sbrk.o)
 *(COMMON)
 COMMON         0x000000002000020c      0x124 build/main.o
                0x000000002000020c                adc_val
                0x0000000020000214                tx_buffer
                0x0000000020000248                hadc1
                0x0000000020000290                hdma_adc1
                0x00000000200002f0                htim1
 COMMON         0x0000000020000330      0x29c build/usb_device.o
                0x0000000020000330                hUsbDeviceFS
 COMMON         0x00000000200005cc      0x408 build/usbd_conf.o
                0x00000000200005cc                hpcd_USB_OTG_FS
 COMMON         0x00000000200009d4      0x200 build/usbd_desc.o
                0x00000000200009d4                USBD_StrDesc
 COMMON         0x0000000020000bd4     0x1000 build/usbd_cdc_if.o
                0x0000000020000bd4                UserRxBufferFS
                0x00000000200013d4                UserTxBufferFS
 COMMON         0x0000000020001bd4        0x4 build/stm32f4xx_hal.o
                0x0000000020001bd4                uwTick
 COMMON         0x0000000020001bd8        0x4 /opt/gcc-arm-none-eabi-8-2018-q4-major/bin/../lib/gcc/arm-none-eabi/8.2.1/../../../../arm-none-eabi/lib/thumb/v7e-m+fp/hard/libc_nano.a(lib_a-reent.o)
                0x0000000020001bd8                errno
 COMMON         0x0000000020001bdc        0x9 /opt/gcc-arm-none-eabi-8-2018-q4-major/bin/../lib/gcc/arm-none-eabi/8.2.1/../../../../arm-none-eabi/lib/thumb/v7e-m+fp/hard/libc_nano.a(lib_a-lock.o)
                0x0000000020001bdc                __lock___atexit_recursive_mutex
                0x0000000020001bdd                __lock___arc4random_mutex
                0x0000000020001bde                __lock___env_recursive_mutex
                0x0000000020001bdf                __lock___sinit_recursive_mutex
                0x0000000020001be0                __lock___malloc_recursive_mutex
                0x0000000020001be1                __lock___at_quick_exit_mutex
                0x0000000020001be2                __lock___dd_hash_mutex
                0x0000000020001be3                __lock___tz_mutex
                0x0000000020001be4                __lock___sfp_recursive_mutex
                0x0000000020001be8                . = ALIGN (0x4)
 *fill*         0x0000000020001be5        0x3 
                0x0000000020001be8                _ebss = .
                0x0000000020001be8                __bss_end__ = _ebss

._user_heap_stack
                0x0000000020001be8      0x600
                0x0000000020001be8                . = ALIGN (0x8)
                0x0000000020001be8                PROVIDE (end = .)
                [!provide]                        PROVIDE (_end = .)
                0x0000000020001de8                . = (. + _Min_Heap_Size)
 *fill*         0x0000000020001be8      0x200 
                0x00000000200021e8                . = (. + _Min_Stack_Size)
 *fill*         0x0000000020001de8      0x400 
                0x00000000200021e8                . = ALIGN (0x8)

/DISCARD/
 libc.a(*)
 libm.a(*)
 libgcc.a(*)

.ARM.attributes
                0x0000000000000000       0x30
 *(.ARM.attributes)
 .ARM.attributes
                0x0000000000000000       0x1e /opt/gcc-arm-none-eabi-8-2018-q4-major/bin/../lib/gcc/arm-none-eabi/8.2.1/thumb/v7e-m+fp/hard/crti.o
 .ARM.attributes
                0x000000000000001e       0x34 /opt/gcc-arm-none-eabi-8-2018-q4-major/bin/../lib/gcc/arm-none-eabi/8.2.1/thumb/v7e-m+fp/hard/crtbegin.o
 .ARM.attributes
                0x0000000000000052       0x34 build/main.o
 .ARM.attributes
                0x0000000000000086       0x34 build/sys_config.o
 .ARM.attributes
                0x00000000000000ba       0x34 build/usb_device.o
 .ARM.attributes
                0x00000000000000ee       0x34 build/usbd_conf.o
 .ARM.attributes
                0x0000000000000122       0x34 build/usbd_desc.o
 .ARM.attributes
                0x0000000000000156       0x34 build/usbd_cdc_if.o
 .ARM.attributes
                0x000000000000018a       0x34 build/stm32f4xx_it.o
 .ARM.attributes
                0x00000000000001be       0x34 build/stm32f4xx_hal_msp.o
 .ARM.attributes
                0x00000000000001f2       0x34 build/stm32f4xx_hal_pcd.o
 .ARM.attributes
                0x0000000000000226       0x34 build/stm32f4xx_hal_pcd_ex.o
 .ARM.attributes
                0x000000000000025a       0x34 build/stm32f4xx_ll_usb.o
 .ARM.attributes
                0x000000000000028e       0x34 build/stm32f4xx_hal_adc.o
 .ARM.attributes
                0x00000000000002c2       0x34 build/stm32f4xx_hal_tim.o
 .ARM.attributes
                0x00000000000002f6       0x34 build/stm32f4xx_hal_tim_ex.o
 .ARM.attributes
                0x000000000000032a       0x34 build/stm32f4xx_hal_rcc.o
 .ARM.attributes
                0x000000000000035e       0x34 build/stm32f4xx_hal_gpio.o
 .ARM.attributes
                0x0000000000000392       0x34 build/stm32f4xx_hal_dma.o
 .ARM.attributes
                0x00000000000003c6       0x34 build/stm32f4xx_hal_cortex.o
 .ARM.attributes
                0x00000000000003fa       0x34 build/stm32f4xx_hal.o
 .ARM.attributes
                0x000000000000042e       0x34 build/system_stm32f4xx.o
 .ARM.attributes
                0x0000000000000462       0x34 build/usbd_core.o
 .ARM.attributes
                0x0000000000000496       0x34 build/usbd_ctlreq.o
 .ARM.attributes
                0x00000000000004ca       0x34 build/usbd_ioreq.o
 .ARM.attributes
                0x00000000000004fe       0x34 build/usbd_cdc.o
 .ARM.attributes
                0x0000000000000532       0x21 build/startup_stm32f407xx.o
 .ARM.attributes
                0x0000000000000553       0x32 /opt/gcc-arm-none-eabi-8-2018-q4-major/bin/../lib/gcc/arm-none-eabi/8.2.1/../../../../arm-none-eabi/lib/thumb/v7e-m+fp/hard/libc_nano.a(lib_a-ctype_.o)
 .ARM.attributes
                0x0000000000000585       0x32 /opt/gcc-arm-none-eabi-8-2018-q4-major/bin/../lib/gcc/arm-none-eabi/8.2.1/../../../../arm-none-eabi/lib/thumb/v7e-m+fp/hard/libc_nano.a(lib_a-impure.o)
 .ARM.attributes
                0x00000000000005b7       0x34 /opt/gcc-arm-none-eabi-8-2018-q4-major/bin/../lib/gcc/arm-none-eabi/8.2.1/../../../../arm-none-eabi/lib/thumb/v7e-m+fp/hard/libc_nano.a(lib_a-init.o)
 .ARM.attributes
                0x00000000000005eb       0x34 /opt/gcc-arm-none-eabi-8-2018-q4-major/bin/../lib/gcc/arm-none-eabi/8.2.1/../../../../arm-none-eabi/lib/thumb/v7e-m+fp/hard/libc_nano.a(lib_a-malloc.o)
 .ARM.attributes
                0x000000000000061f       0x34 /opt/gcc-arm-none-eabi-8-2018-q4-major/bin/../lib/gcc/arm-none-eabi/8.2.1/../../../../arm-none-eabi/lib/thumb/v7e-m+fp/hard/libc_nano.a(lib_a-memset.o)
 .ARM.attributes
                0x0000000000000653       0x34 /opt/gcc-arm-none-eabi-8-2018-q4-major/bin/../lib/gcc/arm-none-eabi/8.2.1/../../../../arm-none-eabi/lib/thumb/v7e-m+fp/hard/libc_nano.a(lib_a-nano-freer.o)
 .ARM.attributes
                0x0000000000000687       0x34 /opt/gcc-arm-none-eabi-8-2018-q4-major/bin/../lib/gcc/arm-none-eabi/8.2.1/../../../../arm-none-eabi/lib/thumb/v7e-m+fp/hard/libc_nano.a(lib_a-nano-mallocr.o)
 .ARM.attributes
                0x00000000000006bb       0x34 /opt/gcc-arm-none-eabi-8-2018-q4-major/bin/../lib/gcc/arm-none-eabi/8.2.1/../../../../arm-none-eabi/lib/thumb/v7e-m+fp/hard/libc_nano.a(lib_a-sbrkr.o)
 .ARM.attributes
                0x00000000000006ef       0x34 /opt/gcc-arm-none-eabi-8-2018-q4-major/bin/../lib/gcc/arm-none-eabi/8.2.1/../../../../arm-none-eabi/lib/thumb/v7e-m+fp/hard/libc_nano.a(lib_a-sprintf.o)
 .ARM.attributes
                0x0000000000000723       0x17 /opt/gcc-arm-none-eabi-8-2018-q4-major/bin/../lib/gcc/arm-none-eabi/8.2.1/../../../../arm-none-eabi/lib/thumb/v7e-m+fp/hard/libc_nano.a(lib_a-strlen.o)
 .ARM.attributes
                0x000000000000073a       0x34 /opt/gcc-arm-none-eabi-8-2018-q4-major/bin/../lib/gcc/arm-none-eabi/8.2.1/../../../../arm-none-eabi/lib/thumb/v7e-m+fp/hard/libc_nano.a(lib_a-strncpy.o)
 .ARM.attributes
                0x000000000000076e       0x34 /opt/gcc-arm-none-eabi-8-2018-q4-major/bin/../lib/gcc/arm-none-eabi/8.2.1/../../../../arm-none-eabi/lib/thumb/v7e-m+fp/hard/libc_nano.a(lib_a-mlock.o)
 .ARM.attributes
                0x00000000000007a2       0x34 /opt/gcc-arm-none-eabi-8-2018-q4-major/bin/../lib/gcc/arm-none-eabi/8.2.1/../../../../arm-none-eabi/lib/thumb/v7e-m+fp/hard/libc_nano.a(lib_a-nano-svfprintf.o)
 .ARM.attributes
                0x00000000000007d6       0x34 /opt/gcc-arm-none-eabi-8-2018-q4-major/bin/../lib/gcc/arm-none-eabi/8.2.1/../../../../arm-none-eabi/lib/thumb/v7e-m+fp/hard/libc_nano.a(lib_a-nano-vfprintf_i.o)
 .ARM.attributes
                0x000000000000080a       0x34 /opt/gcc-arm-none-eabi-8-2018-q4-major/bin/../lib/gcc/arm-none-eabi/8.2.1/../../../../arm-none-eabi/lib/thumb/v7e-m+fp/hard/libc_nano.a(lib_a-reent.o)
 .ARM.attributes
                0x000000000000083e       0x34 /opt/gcc-arm-none-eabi-8-2018-q4-major/bin/../lib/gcc/arm-none-eabi/8.2.1/../../../../arm-none-eabi/lib/thumb/v7e-m+fp/hard/libc_nano.a(lib_a-lock.o)
 .ARM.attributes
                0x0000000000000872       0x1c /opt/gcc-arm-none-eabi-8-2018-q4-major/bin/../lib/gcc/arm-none-eabi/8.2.1/../../../../arm-none-eabi/lib/thumb/v7e-m+fp/hard/libc_nano.a(lib_a-memchr.o)
 .ARM.attributes
                0x000000000000088e       0x34 /opt/gcc-arm-none-eabi-8-2018-q4-major/bin/../lib/gcc/arm-none-eabi/8.2.1/../../../../arm-none-eabi/lib/thumb/v7e-m+fp/hard/libc_nano.a(lib_a-memcpy-stub.o)
 .ARM.attributes
                0x00000000000008c2       0x34 /opt/gcc-arm-none-eabi-8-2018-q4-major/bin/../lib/gcc/arm-none-eabi/8.2.1/../../../../arm-none-eabi/lib/thumb/v7e-m+fp/hard/libc_nano.a(lib_a-memmove.o)
 .ARM.attributes
                0x00000000000008f6       0x34 /opt/gcc-arm-none-eabi-8-2018-q4-major/bin/../lib/gcc/arm-none-eabi/8.2.1/../../../../arm-none-eabi/lib/thumb/v7e-m+fp/hard/libc_nano.a(lib_a-nano-reallocr.o)
 .ARM.attributes
                0x000000000000092a       0x34 /opt/gcc-arm-none-eabi-8-2018-q4-major/bin/../lib/gcc/arm-none-eabi/8.2.1/../../../../arm-none-eabi/lib/thumb/v7e-m+fp/hard/libc_nano.a(lib_a-nano-msizer.o)
 .ARM.attributes
                0x000000000000095e       0x34 /opt/gcc-arm-none-eabi-8-2018-q4-major/bin/../lib/gcc/arm-none-eabi/8.2.1/../../../../arm-none-eabi/lib/thumb/v7e-m+fp/hard/libnosys.a(sbrk.o)
 .ARM.attributes
                0x0000000000000992       0x1e /opt/gcc-arm-none-eabi-8-2018-q4-major/bin/../lib/gcc/arm-none-eabi/8.2.1/thumb/v7e-m+fp/hard/libgcc.a(_aeabi_uldivmod.o)
 .ARM.attributes
                0x00000000000009b0       0x34 /opt/gcc-arm-none-eabi-8-2018-q4-major/bin/../lib/gcc/arm-none-eabi/8.2.1/thumb/v7e-m+fp/hard/libgcc.a(_udivmoddi4.o)
 .ARM.attributes
                0x00000000000009e4       0x1e /opt/gcc-arm-none-eabi-8-2018-q4-major/bin/../lib/gcc/arm-none-eabi/8.2.1/thumb/v7e-m+fp/hard/libgcc.a(_dvmd_tls.o)
 .ARM.attributes
                0x0000000000000a02       0x1e /opt/gcc-arm-none-eabi-8-2018-q4-major/bin/../lib/gcc/arm-none-eabi/8.2.1/thumb/v7e-m+fp/hard/crtn.o
OUTPUT(build/Torque_Motor_Integration.elf elf32-littlearm)

.debug_info     0x0000000000000000    0x24890
 .debug_info    0x0000000000000000     0x1cfb build/main.o
 .debug_info    0x0000000000001cfb     0x18c0 build/sys_config.o
 .debug_info    0x00000000000035bb     0x19dc build/usb_device.o
 .debug_info    0x0000000000004f97     0x3267 build/usbd_conf.o
 .debug_info    0x00000000000081fe     0x18d5 build/usbd_desc.o
 .debug_info    0x0000000000009ad3     0x1c3e build/usbd_cdc_if.o
 .debug_info    0x000000000000b711     0x1004 build/stm32f4xx_it.o
 .debug_info    0x000000000000c715      0xfb6 build/stm32f4xx_hal_msp.o
 .debug_info    0x000000000000d6cb     0x1b4e build/stm32f4xx_hal_pcd.o
 .debug_info    0x000000000000f219      0x80a build/stm32f4xx_hal_pcd_ex.o
 .debug_info    0x000000000000fa23     0x20ea build/stm32f4xx_ll_usb.o
 .debug_info    0x0000000000011b0d     0x104d build/stm32f4xx_hal_adc.o
 .debug_info    0x0000000000012b5a     0x3a29 build/stm32f4xx_hal_tim.o
 .debug_info    0x0000000000016583     0x185f build/stm32f4xx_hal_tim_ex.o
 .debug_info    0x0000000000017de2      0xbd9 build/stm32f4xx_hal_rcc.o
 .debug_info    0x00000000000189bb      0x8b8 build/stm32f4xx_hal_gpio.o
 .debug_info    0x0000000000019273      0xc2e build/stm32f4xx_hal_dma.o
 .debug_info    0x0000000000019ea1     0x11f3 build/stm32f4xx_hal_cortex.o
 .debug_info    0x000000000001b094      0xb2e build/stm32f4xx_hal.o
 .debug_info    0x000000000001bbc2      0x5df build/system_stm32f4xx.o
 .debug_info    0x000000000001c1a1     0x2111 build/usbd_core.o
 .debug_info    0x000000000001e2b2     0x2379 build/usbd_ctlreq.o
 .debug_info    0x000000000002062b     0x1b1e build/usbd_ioreq.o
 .debug_info    0x0000000000022149     0x2725 build/usbd_cdc.o
 .debug_info    0x000000000002486e       0x22 build/startup_stm32f407xx.o

.debug_abbrev   0x0000000000000000     0x42b6
 .debug_abbrev  0x0000000000000000      0x367 build/main.o
 .debug_abbrev  0x0000000000000367      0x243 build/sys_config.o
 .debug_abbrev  0x00000000000005aa      0x24c build/usb_device.o
 .debug_abbrev  0x00000000000007f6      0x34d build/usbd_conf.o
 .debug_abbrev  0x0000000000000b43      0x314 build/usbd_desc.o
 .debug_abbrev  0x0000000000000e57      0x35d build/usbd_cdc_if.o
 .debug_abbrev  0x00000000000011b4      0x203 build/stm32f4xx_it.o
 .debug_abbrev  0x00000000000013b7      0x23e build/stm32f4xx_hal_msp.o
 .debug_abbrev  0x00000000000015f5      0x2ef build/stm32f4xx_hal_pcd.o
 .debug_abbrev  0x00000000000018e4      0x1f2 build/stm32f4xx_hal_pcd_ex.o
 .debug_abbrev  0x0000000000001ad6      0x335 build/stm32f4xx_ll_usb.o
 .debug_abbrev  0x0000000000001e0b      0x2cd build/stm32f4xx_hal_adc.o
 .debug_abbrev  0x00000000000020d8      0x2af build/stm32f4xx_hal_tim.o
 .debug_abbrev  0x0000000000002387      0x2ab build/stm32f4xx_hal_tim_ex.o
 .debug_abbrev  0x0000000000002632      0x2cd build/stm32f4xx_hal_rcc.o
 .debug_abbrev  0x00000000000028ff      0x258 build/stm32f4xx_hal_gpio.o
 .debug_abbrev  0x0000000000002b57      0x312 build/stm32f4xx_hal_dma.o
 .debug_abbrev  0x0000000000002e69      0x3b3 build/stm32f4xx_hal_cortex.o
 .debug_abbrev  0x000000000000321c      0x220 build/stm32f4xx_hal.o
 .debug_abbrev  0x000000000000343c      0x12e build/system_stm32f4xx.o
 .debug_abbrev  0x000000000000356a      0x34d build/usbd_core.o
 .debug_abbrev  0x00000000000038b7      0x3be build/usbd_ctlreq.o
 .debug_abbrev  0x0000000000003c75      0x260 build/usbd_ioreq.o
 .debug_abbrev  0x0000000000003ed5      0x3cf build/usbd_cdc.o
 .debug_abbrev  0x00000000000042a4       0x12 build/startup_stm32f407xx.o

.debug_loc      0x0000000000000000    0x11e7b
 .debug_loc     0x0000000000000000      0x21e build/main.o
 .debug_loc     0x000000000000021e      0x160 build/sys_config.o
 .debug_loc     0x000000000000037e       0x20 build/usb_device.o
 .debug_loc     0x000000000000039e      0xf6d build/usbd_conf.o
 .debug_loc     0x000000000000130b      0x47b build/usbd_desc.o
 .debug_loc     0x0000000000001786      0x1b1 build/usbd_cdc_if.o
 .debug_loc     0x0000000000001937       0x60 build/stm32f4xx_it.o
 .debug_loc     0x0000000000001997      0x1b3 build/stm32f4xx_hal_msp.o
 .debug_loc     0x0000000000001b4a     0x1655 build/stm32f4xx_hal_pcd.o
 .debug_loc     0x000000000000319f      0x116 build/stm32f4xx_hal_pcd_ex.o
 .debug_loc     0x00000000000032b5     0x2806 build/stm32f4xx_ll_usb.o
 .debug_loc     0x0000000000005abb      0xdca build/stm32f4xx_hal_adc.o
 .debug_loc     0x0000000000006885     0x4e45 build/stm32f4xx_hal_tim.o
 .debug_loc     0x000000000000b6ca     0x1872 build/stm32f4xx_hal_tim_ex.o
 .debug_loc     0x000000000000cf3c      0x68d build/stm32f4xx_hal_rcc.o
 .debug_loc     0x000000000000d5c9      0x5fe build/stm32f4xx_hal_gpio.o
 .debug_loc     0x000000000000dbc7      0xed7 build/stm32f4xx_hal_dma.o
 .debug_loc     0x000000000000ea9e      0x790 build/stm32f4xx_hal_cortex.o
 .debug_loc     0x000000000000f22e      0x1cc build/stm32f4xx_hal.o
 .debug_loc     0x000000000000f3fa      0x16c build/system_stm32f4xx.o
 .debug_loc     0x000000000000f566      0x9cc build/usbd_core.o
 .debug_loc     0x000000000000ff32     0x1223 build/usbd_ctlreq.o
 .debug_loc     0x0000000000011155      0x364 build/usbd_ioreq.o
 .debug_loc     0x00000000000114b9      0x9c2 build/usbd_cdc.o

.debug_aranges  0x0000000000000000     0x1160
 .debug_aranges
                0x0000000000000000       0x40 build/main.o
 .debug_aranges
                0x0000000000000040       0x48 build/sys_config.o
 .debug_aranges
                0x0000000000000088       0x20 build/usb_device.o
 .debug_aranges
                0x00000000000000a8      0x100 build/usbd_conf.o
 .debug_aranges
                0x00000000000001a8       0x60 build/usbd_desc.o
 .debug_aranges
                0x0000000000000208       0x48 build/usbd_cdc_if.o
 .debug_aranges
                0x0000000000000250       0x70 build/stm32f4xx_it.o
 .debug_aranges
                0x00000000000002c0       0x48 build/stm32f4xx_hal_msp.o
 .debug_aranges
                0x0000000000000308      0x130 build/stm32f4xx_hal_pcd.o
 .debug_aranges
                0x0000000000000438       0x38 build/stm32f4xx_hal_pcd_ex.o
 .debug_aranges
                0x0000000000000470      0x198 build/stm32f4xx_ll_usb.o
 .debug_aranges
                0x0000000000000608       0xe8 build/stm32f4xx_hal_adc.o
 .debug_aranges
                0x00000000000006f0      0x3a8 build/stm32f4xx_hal_tim.o
 .debug_aranges
                0x0000000000000a98      0x150 build/stm32f4xx_hal_tim_ex.o
 .debug_aranges
                0x0000000000000be8       0x88 build/stm32f4xx_hal_rcc.o
 .debug_aranges
                0x0000000000000c70       0x58 build/stm32f4xx_hal_gpio.o
 .debug_aranges
                0x0000000000000cc8       0x90 build/stm32f4xx_hal_dma.o
 .debug_aranges
                0x0000000000000d58       0xa8 build/stm32f4xx_hal_cortex.o
 .debug_aranges
                0x0000000000000e00       0xf0 build/stm32f4xx_hal.o
 .debug_aranges
                0x0000000000000ef0       0x28 build/system_stm32f4xx.o
 .debug_aranges
                0x0000000000000f18       0xb8 build/usbd_core.o
 .debug_aranges
                0x0000000000000fd0       0x88 build/usbd_ctlreq.o
 .debug_aranges
                0x0000000000001058       0x50 build/usbd_ioreq.o
 .debug_aranges
                0x00000000000010a8       0x90 build/usbd_cdc.o
 .debug_aranges
                0x0000000000001138       0x28 build/startup_stm32f407xx.o

.debug_ranges   0x0000000000000000     0x1050
 .debug_ranges  0x0000000000000000       0x48 build/main.o
 .debug_ranges  0x0000000000000048       0x38 build/sys_config.o
 .debug_ranges  0x0000000000000080       0x10 build/usb_device.o
 .debug_ranges  0x0000000000000090       0xf0 build/usbd_conf.o
 .debug_ranges  0x0000000000000180       0x50 build/usbd_desc.o
 .debug_ranges  0x00000000000001d0       0x38 build/usbd_cdc_if.o
 .debug_ranges  0x0000000000000208       0x60 build/stm32f4xx_it.o
 .debug_ranges  0x0000000000000268       0x38 build/stm32f4xx_hal_msp.o
 .debug_ranges  0x00000000000002a0      0x120 build/stm32f4xx_hal_pcd.o
 .debug_ranges  0x00000000000003c0       0x28 build/stm32f4xx_hal_pcd_ex.o
 .debug_ranges  0x00000000000003e8      0x188 build/stm32f4xx_ll_usb.o
 .debug_ranges  0x0000000000000570       0xd8 build/stm32f4xx_hal_adc.o
 .debug_ranges  0x0000000000000648      0x398 build/stm32f4xx_hal_tim.o
 .debug_ranges  0x00000000000009e0      0x140 build/stm32f4xx_hal_tim_ex.o
 .debug_ranges  0x0000000000000b20       0x90 build/stm32f4xx_hal_rcc.o
 .debug_ranges  0x0000000000000bb0       0x48 build/stm32f4xx_hal_gpio.o
 .debug_ranges  0x0000000000000bf8       0x80 build/stm32f4xx_hal_dma.o
 .debug_ranges  0x0000000000000c78       0xe0 build/stm32f4xx_hal_cortex.o
 .debug_ranges  0x0000000000000d58       0xe0 build/stm32f4xx_hal.o
 .debug_ranges  0x0000000000000e38       0x18 build/system_stm32f4xx.o
 .debug_ranges  0x0000000000000e50       0xa8 build/usbd_core.o
 .debug_ranges  0x0000000000000ef8       0x78 build/usbd_ctlreq.o
 .debug_ranges  0x0000000000000f70       0x40 build/usbd_ioreq.o
 .debug_ranges  0x0000000000000fb0       0x80 build/usbd_cdc.o
 .debug_ranges  0x0000000000001030       0x20 build/startup_stm32f407xx.o

.debug_line     0x0000000000000000     0xfc99
 .debug_line    0x0000000000000000      0x4e3 build/main.o
 .debug_line    0x00000000000004e3      0x60a build/sys_config.o
 .debug_line    0x0000000000000aed      0x3a7 build/usb_device.o
 .debug_line    0x0000000000000e94      0x8f3 build/usbd_conf.o
 .debug_line    0x0000000000001787      0x4f3 build/usbd_desc.o
 .debug_line    0x0000000000001c7a      0x408 build/usbd_cdc_if.o
 .debug_line    0x0000000000002082      0x338 build/stm32f4xx_it.o
 .debug_line    0x00000000000023ba      0x3ba build/stm32f4xx_hal_msp.o
 .debug_line    0x0000000000002774     0x12c3 build/stm32f4xx_hal_pcd.o
 .debug_line    0x0000000000003a37      0x2c9 build/stm32f4xx_hal_pcd_ex.o
 .debug_line    0x0000000000003d00     0x1a5e build/stm32f4xx_ll_usb.o
 .debug_line    0x000000000000575e     0x101c build/stm32f4xx_hal_adc.o
 .debug_line    0x000000000000677a     0x33d7 build/stm32f4xx_hal_tim.o
 .debug_line    0x0000000000009b51     0x10a1 build/stm32f4xx_hal_tim_ex.o
 .debug_line    0x000000000000abf2      0xa86 build/stm32f4xx_hal_rcc.o
 .debug_line    0x000000000000b678      0x6d2 build/stm32f4xx_hal_gpio.o
 .debug_line    0x000000000000bd4a      0xdf5 build/stm32f4xx_hal_dma.o
 .debug_line    0x000000000000cb3f      0x76c build/stm32f4xx_hal_cortex.o
 .debug_line    0x000000000000d2ab      0x535 build/stm32f4xx_hal.o
 .debug_line    0x000000000000d7e0      0x26d build/system_stm32f4xx.o
 .debug_line    0x000000000000da4d      0x8ba build/usbd_core.o
 .debug_line    0x000000000000e307      0xc06 build/usbd_ctlreq.o
 .debug_line    0x000000000000ef0d      0x440 build/usbd_ioreq.o
 .debug_line    0x000000000000f34d      0x8d8 build/usbd_cdc.o
 .debug_line    0x000000000000fc25       0x74 build/startup_stm32f407xx.o

.debug_str      0x0000000000000000     0x56c7
 .debug_str     0x0000000000000000      0xf83 build/main.o
                                       0x10c4 (size before relaxing)
 .debug_str     0x0000000000000f83      0xaf9 build/sys_config.o
                                       0x1365 (size before relaxing)
 .debug_str     0x0000000000001a7c       0x85 build/usb_device.o
                                       0x104e (size before relaxing)
 .debug_str     0x0000000000001b01      0x857 build/usbd_conf.o
                                       0x1ead (size before relaxing)
 .debug_str     0x0000000000002358      0x171 build/usbd_desc.o
                                        0xe5e (size before relaxing)
 .debug_str     0x00000000000024c9      0x113 build/usbd_cdc_if.o
                                       0x1132 (size before relaxing)
 .debug_str     0x00000000000025dc       0xff build/stm32f4xx_it.o
                                        0xc1d (size before relaxing)
 .debug_str     0x00000000000026db       0xa2 build/stm32f4xx_hal_msp.o
                                        0xa4d (size before relaxing)
 .debug_str     0x000000000000277d      0x559 build/stm32f4xx_hal_pcd.o
                                        0xd90 (size before relaxing)
 .debug_str     0x0000000000002cd6      0x125 build/stm32f4xx_hal_pcd_ex.o
                                        0x768 (size before relaxing)
 .debug_str     0x0000000000002dfb      0x417 build/stm32f4xx_ll_usb.o
                                        0xca6 (size before relaxing)
 .debug_str     0x0000000000003212      0x2bf build/stm32f4xx_hal_adc.o
                                        0x9ad (size before relaxing)
 .debug_str     0x00000000000034d1      0xcea build/stm32f4xx_hal_tim.o
                                       0x1527 (size before relaxing)
 .debug_str     0x00000000000041bb      0x423 build/stm32f4xx_hal_tim_ex.o
                                        0xd3f (size before relaxing)
 .debug_str     0x00000000000045de      0x1b2 build/stm32f4xx_hal_rcc.o
                                        0x71d (size before relaxing)
 .debug_str     0x0000000000004790      0x10d build/stm32f4xx_hal_gpio.o
                                        0x54a (size before relaxing)
 .debug_str     0x000000000000489d      0x2ac build/stm32f4xx_hal_dma.o
                                        0x7d0 (size before relaxing)
 .debug_str     0x0000000000004b49      0x470 build/stm32f4xx_hal_cortex.o
                                        0xc84 (size before relaxing)
 .debug_str     0x0000000000004fb9      0x293 build/stm32f4xx_hal.o
                                        0xbb9 (size before relaxing)
 .debug_str     0x000000000000524c       0x42 build/system_stm32f4xx.o
                                        0x3ae (size before relaxing)
 .debug_str     0x000000000000528e      0x13e build/usbd_core.o
                                       0x1244 (size before relaxing)
 .debug_str     0x00000000000053cc       0xe2 build/usbd_ctlreq.o
                                       0x115e (size before relaxing)
 .debug_str     0x00000000000054ae       0x60 build/usbd_ioreq.o
                                       0x108b (size before relaxing)
 .debug_str     0x000000000000550e      0x194 build/usbd_cdc.o
                                       0x15ef (size before relaxing)
 .debug_str     0x00000000000056a2       0x25 build/startup_stm32f407xx.o
                                         0x6c (size before relaxing)

.comment        0x0000000000000000       0x75
 .comment       0x0000000000000000       0x75 build/main.o
                                         0x76 (size before relaxing)
 .comment       0x0000000000000075       0x76 build/sys_config.o
 .comment       0x0000000000000075       0x76 build/usb_device.o
 .comment       0x0000000000000075       0x76 build/usbd_conf.o
 .comment       0x0000000000000075       0x76 build/usbd_desc.o
 .comment       0x0000000000000075       0x76 build/usbd_cdc_if.o
 .comment       0x0000000000000075       0x76 build/stm32f4xx_it.o
 .comment       0x0000000000000075       0x76 build/stm32f4xx_hal_msp.o
 .comment       0x0000000000000075       0x76 build/stm32f4xx_hal_pcd.o
 .comment       0x0000000000000075       0x76 build/stm32f4xx_hal_pcd_ex.o
 .comment       0x0000000000000075       0x76 build/stm32f4xx_ll_usb.o
 .comment       0x0000000000000075       0x76 build/stm32f4xx_hal_adc.o
 .comment       0x0000000000000075       0x76 build/stm32f4xx_hal_tim.o
 .comment       0x0000000000000075       0x76 build/stm32f4xx_hal_tim_ex.o
 .comment       0x0000000000000075       0x76 build/stm32f4xx_hal_rcc.o
 .comment       0x0000000000000075       0x76 build/stm32f4xx_hal_gpio.o
 .comment       0x0000000000000075       0x76 build/stm32f4xx_hal_dma.o
 .comment       0x0000000000000075       0x76 build/stm32f4xx_hal_cortex.o
 .comment       0x0000000000000075       0x76 build/stm32f4xx_hal.o
 .comment       0x0000000000000075       0x76 build/system_stm32f4xx.o
 .comment       0x0000000000000075       0x76 build/usbd_core.o
 .comment       0x0000000000000075       0x76 build/usbd_ctlreq.o
 .comment       0x0000000000000075       0x76 build/usbd_ioreq.o
 .comment       0x0000000000000075       0x76 build/usbd_cdc.o

.debug_frame    0x0000000000000000     0x36b0
 .debug_frame   0x0000000000000000       0x98 build/main.o
 .debug_frame   0x0000000000000098       0xd4 build/sys_config.o
 .debug_frame   0x000000000000016c       0x2c build/usb_device.o
 .debug_frame   0x0000000000000198      0x330 build/usbd_conf.o
 .debug_frame   0x00000000000004c8       0xfc build/usbd_desc.o
 .debug_frame   0x00000000000005c4       0x98 build/usbd_cdc_if.o
 .debug_frame   0x000000000000065c       0xe4 build/stm32f4xx_it.o
 .debug_frame   0x0000000000000740       0xb4 build/stm32f4xx_hal_msp.o
 .debug_frame   0x00000000000007f4      0x3b4 build/stm32f4xx_hal_pcd.o
 .debug_frame   0x0000000000000ba8       0x64 build/stm32f4xx_hal_pcd_ex.o
 .debug_frame   0x0000000000000c0c      0x50c build/stm32f4xx_ll_usb.o
 .debug_frame   0x0000000000001118      0x2b8 build/stm32f4xx_hal_adc.o
 .debug_frame   0x00000000000013d0      0xbc0 build/stm32f4xx_hal_tim.o
 .debug_frame   0x0000000000001f90      0x430 build/stm32f4xx_hal_tim_ex.o
 .debug_frame   0x00000000000023c0      0x1b0 build/stm32f4xx_hal_rcc.o
 .debug_frame   0x0000000000002570       0xec build/stm32f4xx_hal_gpio.o
 .debug_frame   0x000000000000265c      0x1c8 build/stm32f4xx_hal_dma.o
 .debug_frame   0x0000000000002824      0x16c build/stm32f4xx_hal_cortex.o
 .debug_frame   0x0000000000002990      0x200 build/stm32f4xx_hal.o
 .debug_frame   0x0000000000002b90       0x30 build/system_stm32f4xx.o
 .debug_frame   0x0000000000002bc0      0x1f0 build/usbd_core.o
 .debug_frame   0x0000000000002db0      0x1ac build/usbd_ctlreq.o
 .debug_frame   0x0000000000002f5c       0xd4 build/usbd_ioreq.o
 .debug_frame   0x0000000000003030      0x184 build/usbd_cdc.o
 .debug_frame   0x00000000000031b4       0x2c /opt/gcc-arm-none-eabi-8-2018-q4-major/bin/../lib/gcc/arm-none-eabi/8.2.1/../../../../arm-none-eabi/lib/thumb/v7e-m+fp/hard/libc_nano.a(lib_a-init.o)
 .debug_frame   0x00000000000031e0       0x30 /opt/gcc-arm-none-eabi-8-2018-q4-major/bin/../lib/gcc/arm-none-eabi/8.2.1/../../../../arm-none-eabi/lib/thumb/v7e-m+fp/hard/libc_nano.a(lib_a-malloc.o)
 .debug_frame   0x0000000000003210       0x20 /opt/gcc-arm-none-eabi-8-2018-q4-major/bin/../lib/gcc/arm-none-eabi/8.2.1/../../../../arm-none-eabi/lib/thumb/v7e-m+fp/hard/libc_nano.a(lib_a-memset.o)
 .debug_frame   0x0000000000003230       0x38 /opt/gcc-arm-none-eabi-8-2018-q4-major/bin/../lib/gcc/arm-none-eabi/8.2.1/../../../../arm-none-eabi/lib/thumb/v7e-m+fp/hard/libc_nano.a(lib_a-nano-freer.o)
 .debug_frame   0x0000000000003268       0x30 /opt/gcc-arm-none-eabi-8-2018-q4-major/bin/../lib/gcc/arm-none-eabi/8.2.1/../../../../arm-none-eabi/lib/thumb/v7e-m+fp/hard/libc_nano.a(lib_a-nano-mallocr.o)
 .debug_frame   0x0000000000003298       0x2c /opt/gcc-arm-none-eabi-8-2018-q4-major/bin/../lib/gcc/arm-none-eabi/8.2.1/../../../../arm-none-eabi/lib/thumb/v7e-m+fp/hard/libc_nano.a(lib_a-sbrkr.o)
 .debug_frame   0x00000000000032c4       0x6c /opt/gcc-arm-none-eabi-8-2018-q4-major/bin/../lib/gcc/arm-none-eabi/8.2.1/../../../../arm-none-eabi/lib/thumb/v7e-m+fp/hard/libc_nano.a(lib_a-sprintf.o)
 .debug_frame   0x0000000000003330       0x28 /opt/gcc-arm-none-eabi-8-2018-q4-major/bin/../lib/gcc/arm-none-eabi/8.2.1/../../../../arm-none-eabi/lib/thumb/v7e-m+fp/hard/libc_nano.a(lib_a-strncpy.o)
 .debug_frame   0x0000000000003358       0x30 /opt/gcc-arm-none-eabi-8-2018-q4-major/bin/../lib/gcc/arm-none-eabi/8.2.1/../../../../arm-none-eabi/lib/thumb/v7e-m+fp/hard/libc_nano.a(lib_a-mlock.o)
 .debug_frame   0x0000000000003388       0x90 /opt/gcc-arm-none-eabi-8-2018-q4-major/bin/../lib/gcc/arm-none-eabi/8.2.1/../../../../arm-none-eabi/lib/thumb/v7e-m+fp/hard/libc_nano.a(lib_a-nano-svfprintf.o)
 .debug_frame   0x0000000000003418       0x60 /opt/gcc-arm-none-eabi-8-2018-q4-major/bin/../lib/gcc/arm-none-eabi/8.2.1/../../../../arm-none-eabi/lib/thumb/v7e-m+fp/hard/libc_nano.a(lib_a-nano-vfprintf_i.o)
 .debug_frame   0x0000000000003478       0x5c /opt/gcc-arm-none-eabi-8-2018-q4-major/bin/../lib/gcc/arm-none-eabi/8.2.1/../../../../arm-none-eabi/lib/thumb/v7e-m+fp/hard/libc_nano.a(lib_a-reent.o)
 .debug_frame   0x00000000000034d4       0xb0 /opt/gcc-arm-none-eabi-8-2018-q4-major/bin/../lib/gcc/arm-none-eabi/8.2.1/../../../../arm-none-eabi/lib/thumb/v7e-m+fp/hard/libc_nano.a(lib_a-lock.o)
 .debug_frame   0x0000000000003584       0x28 /opt/gcc-arm-none-eabi-8-2018-q4-major/bin/../lib/gcc/arm-none-eabi/8.2.1/../../../../arm-none-eabi/lib/thumb/v7e-m+fp/hard/libc_nano.a(lib_a-memcpy-stub.o)
 .debug_frame   0x00000000000035ac       0x28 /opt/gcc-arm-none-eabi-8-2018-q4-major/bin/../lib/gcc/arm-none-eabi/8.2.1/../../../../arm-none-eabi/lib/thumb/v7e-m+fp/hard/libc_nano.a(lib_a-memmove.o)
 .debug_frame   0x00000000000035d4       0x3c /opt/gcc-arm-none-eabi-8-2018-q4-major/bin/../lib/gcc/arm-none-eabi/8.2.1/../../../../arm-none-eabi/lib/thumb/v7e-m+fp/hard/libc_nano.a(lib_a-nano-reallocr.o)
 .debug_frame   0x0000000000003610       0x20 /opt/gcc-arm-none-eabi-8-2018-q4-major/bin/../lib/gcc/arm-none-eabi/8.2.1/../../../../arm-none-eabi/lib/thumb/v7e-m+fp/hard/libc_nano.a(lib_a-nano-msizer.o)
 .debug_frame   0x0000000000003630       0x20 /opt/gcc-arm-none-eabi-8-2018-q4-major/bin/../lib/gcc/arm-none-eabi/8.2.1/../../../../arm-none-eabi/lib/thumb/v7e-m+fp/hard/libnosys.a(sbrk.o)
 .debug_frame   0x0000000000003650       0x2c /opt/gcc-arm-none-eabi-8-2018-q4-major/bin/../lib/gcc/arm-none-eabi/8.2.1/thumb/v7e-m+fp/hard/libgcc.a(_aeabi_uldivmod.o)
 .debug_frame   0x000000000000367c       0x34 /opt/gcc-arm-none-eabi-8-2018-q4-major/bin/../lib/gcc/arm-none-eabi/8.2.1/thumb/v7e-m+fp/hard/libgcc.a(_udivmoddi4.o)

Cross Reference Table

Symbol                                            File
ADC_IRQHandler                                    build/startup_stm32f407xx.o
AHBPrescTable                                     build/system_stm32f4xx.o
                                                  build/stm32f4xx_hal_rcc.o
APBPrescTable                                     build/system_stm32f4xx.o
                                                  build/stm32f4xx_hal_rcc.o
BusFault_Handler                                  build/stm32f4xx_it.o
CAN1_RX0_IRQHandler                               build/startup_stm32f407xx.o
CAN1_RX1_IRQHandler                               build/startup_stm32f407xx.o
CAN1_SCE_IRQHandler                               build/startup_stm32f407xx.o
CAN1_TX_IRQHandler                                build/startup_stm32f407xx.o
CAN2_RX0_IRQHandler                               build/startup_stm32f407xx.o
CAN2_RX1_IRQHandler                               build/startup_stm32f407xx.o
CAN2_SCE_IRQHandler                               build/startup_stm32f407xx.o
CAN2_TX_IRQHandler                                build/startup_stm32f407xx.o
CDC_ReceiveCallBack                               build/main.o
CDC_Transmit_FS                                   build/usbd_cdc_if.o
                                                  build/main.o
DCMI_IRQHandler                                   build/startup_stm32f407xx.o
DMA1_Stream0_IRQHandler                           build/startup_stm32f407xx.o
DMA1_Stream1_IRQHandler                           build/startup_stm32f407xx.o